172.16.0.10 - - [29/May/2026:01:10:58  +0800] "GET /api/v1/users HTTP/1.1" 200 1973 "-" "Mozilla/5.0 (iPhone; CPU iPhone OS 17_0 like Mac OS X) Safari/604.1"
10.0.0.51 - - [29/May/2026:01:11:07  +0800] "POST /api/v1/auth/login HTTP/1.1" 301 195 "https://www.bing.com/search?q=example" "Mozilla/5.0 (Windows NT 10.0; Win64; x64) AppleWebKit/537.36 Chrome/120.0.0.0 Safari/537.36"
157.55.39.1 - - [29/May/2026:01:11:22  +0800] "GET /search?q=keyword HTTP/1.1" 200 4265 "-" "Mozilla/5.0 (compatible; bingbot/2.0; +http://www.bing.com/bingbot.htm)"
172.16.0.10 - - [29/May/2026:01:11:49  +0800] "GET /about.html HTTP/1.1" 200 2181 "-" "Mozilla/5.0 (Windows NT 10.0; Win64; x64) AppleWebKit/537.36 Chrome/120.0.0.0 Safari/537.36"
192.168.1.102 - - [29/May/2026:01:11:53  +0800] "PUT /search?q=keyword HTTP/1.1" 301 232 "https://github.com/" "Mozilla/5.0 (Macintosh; Intel Mac OS X 10_15_7) AppleWebKit/537.36 Chrome/120.0.0.0 Safari/537.36"
203.208.60.1 - - [29/May/2026:01:12:00  +0800] "GET /products.html HTTP/1.1" 200 1320 "-" "Mozilla/5.0 (compatible; Googlebot/2.1; +http://www.google.com/bot.html)"
172.16.0.10 - - [29/May/2026:01:12:09  +0800] "GET / HTTP/1.1" 304 0 "https://www.bing.com/search?q=example" "Mozilla/5.0 (Windows NT 10.0; Win64; x64) AppleWebKit/537.36 Chrome/120.0.0.0 Safari/537.36"
172.16.0.10 - - [29/May/2026:01:12:31  +0800] "GET /api/v1/users HTTP/1.1" 200 2111 "-" "Mozilla/5.0 (iPhone; CPU iPhone OS 17_0 like Mac OS X) Safari/604.1"
192.168.1.102 - - [29/May/2026:01:12:46  +0800] "POST /about.html HTTP/1.1" 301 142 "https://example.com/" "Mozilla/5.0 (Windows NT 10.0; Win64; x64; rv:121.0) Gecko/20100101 Firefox/121.0"
192.168.3.15 - - [29/May/2026:01:13:05  +0800] "PUT /api/v1/products HTTP/1.1" 200 3721 "https://www.google.com/" "Mozilla/5.0 (X11; Linux x86_64) AppleWebKit/537.36 Chrome/120.0.0.0 Safari/537.36"
192.168.1.102 - - [29/May/2026:01:13:19  +0800] "GET /blog/post1.html HTTP/1.1" 200 2269 "-" "Mozilla/5.0 (Windows NT 10.0; Win64; x64; rv:121.0) Gecko/20100101 Firefox/121.0"
91.219.237.1 - - [29/May/2026:01:13:37  +0800] "GET /.git/config HTTP/1.1" 200 5995 "-" "Mozilla/5.0 (compatible; Nmap Scripting Engine)"
192.168.2.200 - - [29/May/2026:01:14:07  +0800] "GET / HTTP/1.1" 404 349 "https://www.bing.com/search?q=example" "Mozilla/5.0 (Macintosh; Intel Mac OS X 10_15_7) AppleWebKit/537.36 Chrome/120.0.0.0 Safari/537.36"
192.168.3.15 - - [29/May/2026:01:14:30  +0800] "POST /search?q=keyword HTTP/1.1" 304 0 "https://example.com/" "Mozilla/5.0 (Windows NT 10.0; Win64; x64; rv:121.0) Gecko/20100101 Firefox/121.0"
172.16.0.11 - - [29/May/2026:01:14:38  +0800] "GET /api/v1/products HTTP/1.1" 200 7729 "https://github.com/" "Mozilla/5.0 (Windows NT 10.0; Win64; x64) AppleWebKit/537.36 Chrome/120.0.0.0 Safari/537.36"
66.249.66.1 - - [29/May/2026:01:14:42  +0800] "GET /sitemap.xml HTTP/1.1" 200 1473 "-" "Mozilla/5.0 (compatible; bingbot/2.0; +http://www.bing.com/bingbot.htm)"
66.249.66.1 - - [29/May/2026:01:15:00  +0800] "GET /blog/ HTTP/1.1" 301 273 "-" "Mozilla/5.0 (compatible; bingbot/2.0; +http://www.bing.com/bingbot.htm)"
192.168.1.102 - - [29/May/2026:01:15:19  +0800] "POST /search?q=keyword HTTP/1.1" 200 6009 "https://github.com/" "Mozilla/5.0 (Windows NT 10.0; Win64; x64; rv:121.0) Gecko/20100101 Firefox/121.0"
10.0.0.50 - - [29/May/2026:01:15:39  +0800] "GET /api/v1/auth/login HTTP/1.1" 200 328 "https://www.bing.com/search?q=example" "Mozilla/5.0 (Macintosh; Intel Mac OS X 10_15_7) AppleWebKit/537.36 Chrome/120.0.0.0 Safari/537.36"
45.33.32.156 - - [29/May/2026:01:16:00  +0800] "GET /wp-admin/ HTTP/1.1" 401 255 "-" "Mozilla/5.0 (compatible; Nmap Scripting Engine)"
172.16.0.10 - - [29/May/2026:01:16:29  +0800] "GET /blog/post1.html HTTP/1.1" 404 106 "https://www.google.com/" "Mozilla/5.0 (Macintosh; Intel Mac OS X 10_15_7) AppleWebKit/537.36 Chrome/120.0.0.0 Safari/537.36"
10.0.0.51 - - [29/May/2026:01:16:55  +0800] "PUT /js/app.js HTTP/1.1" 304 0 "-" "Mozilla/5.0 (Windows NT 10.0; Win64; x64) AppleWebKit/537.36 Chrome/120.0.0.0 Safari/537.36"
192.168.2.200 - - [29/May/2026:01:17:10  +0800] "POST /js/app.js HTTP/1.1" 301 273 "https://www.google.com/" "Mozilla/5.0 (Macintosh; Intel Mac OS X 10_15_7) AppleWebKit/537.36 Chrome/120.0.0.0 Safari/537.36"
192.168.3.15 - - [29/May/2026:01:17:27  +0800] "GET / HTTP/1.1" 304 0 "https://github.com/" "Mozilla/5.0 (Windows NT 10.0; Win64; x64; rv:121.0) Gecko/20100101 Firefox/121.0"
192.168.1.100 - - [29/May/2026:01:17:53  +0800] "GET / HTTP/1.1" 304 0 "https://www.google.com/" "Mozilla/5.0 (Macintosh; Intel Mac OS X 10_15_7) AppleWebKit/537.36 Chrome/120.0.0.0 Safari/537.36"
192.168.1.102 - - [29/May/2026:01:17:56  +0800] "DELETE /images/logo.png HTTP/1.1" 200 6397 "-" "Mozilla/5.0 (Windows NT 10.0; Win64; x64; rv:121.0) Gecko/20100101 Firefox/121.0"
192.168.3.15 - - [29/May/2026:01:18:08  +0800] "PUT /api/v1/products HTTP/1.1" 200 5742 "https://example.com/" "Mozilla/5.0 (Windows NT 10.0; Win64; x64) AppleWebKit/537.36 Chrome/120.0.0.0 Safari/537.36"
185.130.44.108 - - [29/May/2026:01:18:14  +0800] "GET /backup.sql HTTP/1.1" 404 203 "-" "Mozilla/5.0 (compatible; Nmap Scripting Engine)"
66.249.66.2 - - [29/May/2026:01:18:19  +0800] "GET /index.html HTTP/1.1" 403 414 "-" "Mozilla/5.0 (compatible; Googlebot/2.1; +http://www.google.com/bot.html)"
185.130.44.108 - - [29/May/2026:01:18:40  +0800] "GET /xmlrpc.php HTTP/1.1" 500 111 "-" "Mozilla/5.0 (compatible; Nmap Scripting Engine)"
157.55.39.1 - - [29/May/2026:01:18:41  +0800] "GET /sitemap.xml HTTP/1.1" 200 2527 "-" "Mozilla/5.0 (compatible; bingbot/2.0; +http://www.bing.com/bingbot.htm)"
172.16.0.11 - - [29/May/2026:01:18:59  +0800] "DELETE /blog/post1.html HTTP/1.1" 304 0 "-" "Mozilla/5.0 (iPhone; CPU iPhone OS 17_0 like Mac OS X) Safari/604.1"
192.168.1.100 - - [29/May/2026:01:19:12  +0800] "PUT /search?q=keyword HTTP/1.1" 304 0 "https://www.google.com/" "Mozilla/5.0 (Windows NT 10.0; Win64; x64) AppleWebKit/537.36 Chrome/120.0.0.0 Safari/537.36"
192.168.1.100 - - [29/May/2026:01:19:22  +0800] "GET /api/v1/products HTTP/1.1" 200 3150 "https://www.google.com/" "Mozilla/5.0 (X11; Linux x86_64) AppleWebKit/537.36 Chrome/120.0.0.0 Safari/537.36"
172.16.0.11 - - [29/May/2026:01:19:31  +0800] "GET /images/logo.png HTTP/1.1" 304 0 "https://example.com/" "Mozilla/5.0 (iPhone; CPU iPhone OS 17_0 like Mac OS X) Safari/604.1"
10.0.0.50 - - [29/May/2026:01:19:54  +0800] "PUT /blog/ HTTP/1.1" 200 4784 "https://github.com/" "Mozilla/5.0 (X11; Linux x86_64) AppleWebKit/537.36 Chrome/120.0.0.0 Safari/537.36"
172.16.0.11 - - [29/May/2026:01:20:01  +0800] "POST /api/v1/users HTTP/1.1" 404 434 "https://www.bing.com/search?q=example" "Mozilla/5.0 (Macintosh; Intel Mac OS X 10_15_7) AppleWebKit/537.36 Chrome/120.0.0.0 Safari/537.36"
66.249.66.2 - - [29/May/2026:01:20:10  +0800] "GET /search?q=keyword HTTP/1.1" 200 7321 "-" "Mozilla/5.0 (compatible; Googlebot/2.1; +http://www.google.com/bot.html)"
203.208.60.1 - - [29/May/2026:01:20:33  +0800] "GET / HTTP/1.1" 200 1634 "-" "Mozilla/5.0 (compatible; Googlebot/2.1; +http://www.google.com/bot.html)"
10.0.0.50 - - [29/May/2026:01:20:47  +0800] "DELETE /css/style.css HTTP/1.1" 404 372 "-" "Mozilla/5.0 (Windows NT 10.0; Win64; x64; rv:121.0) Gecko/20100101 Firefox/121.0"
192.168.1.102 - - [29/May/2026:01:21:15  +0800] "PUT /sitemap.xml HTTP/1.1" 404 483 "https://www.bing.com/search?q=example" "Mozilla/5.0 (Windows NT 10.0; Win64; x64; rv:121.0) Gecko/20100101 Firefox/121.0"
157.55.39.1 - - [29/May/2026:01:21:44  +0800] "GET /about.html HTTP/1.1" 200 8203 "-" "Mozilla/5.0 (compatible; bingbot/2.0; +http://www.bing.com/bingbot.htm)"
10.0.0.50 - - [29/May/2026:01:21:53  +0800] "POST /images/logo.png HTTP/1.1" 304 0 "https://www.google.com/" "Mozilla/5.0 (Windows NT 10.0; Win64; x64; rv:121.0) Gecko/20100101 Firefox/121.0"
192.168.1.101 - - [29/May/2026:01:22:08  +0800] "POST /sitemap.xml HTTP/1.1" 404 238 "https://www.bing.com/search?q=example" "Mozilla/5.0 (Windows NT 10.0; Win64; x64) AppleWebKit/537.36 Chrome/120.0.0.0 Safari/537.36"
157.55.39.1 - - [29/May/2026:01:22:14  +0800] "GET /search?q=keyword HTTP/1.1" 304 0 "-" "Mozilla/5.0 (compatible; bingbot/2.0; +http://www.bing.com/bingbot.htm)"
192.168.1.102 - - [29/May/2026:01:22:43  +0800] "GET /sitemap.xml HTTP/1.1" 301 280 "https://www.bing.com/search?q=example" "Mozilla/5.0 (Windows NT 10.0; Win64; x64) AppleWebKit/537.36 Chrome/120.0.0.0 Safari/537.36"
66.249.66.1 - - [29/May/2026:01:22:55  +0800] "GET /about.html HTTP/1.1" 301 209 "-" "Mozilla/5.0 (compatible; Googlebot/2.1; +http://www.google.com/bot.html)"
192.168.1.102 - - [29/May/2026:01:23:21  +0800] "GET /css/style.css HTTP/1.1" 200 406 "https://github.com/" "Mozilla/5.0 (iPhone; CPU iPhone OS 17_0 like Mac OS X) Safari/604.1"
172.16.0.10 - - [29/May/2026:01:23:34  +0800] "GET /blog/post1.html HTTP/1.1" 301 117 "https://github.com/" "Mozilla/5.0 (X11; Linux x86_64) AppleWebKit/537.36 Chrome/120.0.0.0 Safari/537.36"
203.208.60.1 - - [29/May/2026:01:23:49  +0800] "GET /sitemap.xml HTTP/1.1" 403 363 "-" "Mozilla/5.0 (compatible; Googlebot/2.1; +http://www.google.com/bot.html)"
192.168.1.100 - - [29/May/2026:01:24:18  +0800] "GET /index.html HTTP/1.1" 200 4213 "https://example.com/" "Mozilla/5.0 (iPhone; CPU iPhone OS 17_0 like Mac OS X) Safari/604.1"
10.0.0.50 - - [29/May/2026:01:24:45  +0800] "GET /css/style.css HTTP/1.1" 301 246 "https://www.bing.com/search?q=example" "Mozilla/5.0 (iPhone; CPU iPhone OS 17_0 like Mac OS X) Safari/604.1"
172.16.0.11 - - [29/May/2026:01:25:09  +0800] "POST / HTTP/1.1" 301 278 "https://www.google.com/" "Mozilla/5.0 (Windows NT 10.0; Win64; x64; rv:121.0) Gecko/20100101 Firefox/121.0"
123.125.71.1 - - [29/May/2026:01:25:34  +0800] "GET /index.html HTTP/1.1" 200 6660 "-" "Mozilla/5.0 (compatible; bingbot/2.0; +http://www.bing.com/bingbot.htm)"
185.130.44.108 - - [29/May/2026:01:25:55  +0800] "GET /wp-admin/ HTTP/1.1" 200 6778 "-" "Mozilla/5.0 (compatible; Nmap Scripting Engine)"
172.16.0.11 - - [29/May/2026:01:26:21  +0800] "PUT /about.html HTTP/1.1" 301 76 "https://www.bing.com/search?q=example" "Mozilla/5.0 (iPhone; CPU iPhone OS 17_0 like Mac OS X) Safari/604.1"
123.125.71.1 - - [29/May/2026:01:26:33  +0800] "GET /blog/post1.html HTTP/1.1" 403 204 "-" "Mozilla/5.0 (compatible; bingbot/2.0; +http://www.bing.com/bingbot.htm)"
192.168.2.200 - - [29/May/2026:01:27:03  +0800] "GET /index.html HTTP/1.1" 304 0 "https://www.google.com/" "Mozilla/5.0 (Windows NT 10.0; Win64; x64) AppleWebKit/537.36 Chrome/120.0.0.0 Safari/537.36"
192.168.1.102 - - [29/May/2026:01:27:29  +0800] "GET /images/logo.png HTTP/1.1" 200 855 "https://www.bing.com/search?q=example" "Mozilla/5.0 (Windows NT 10.0; Win64; x64; rv:121.0) Gecko/20100101 Firefox/121.0"
45.33.32.156 - - [29/May/2026:01:27:52  +0800] "GET /.git/config HTTP/1.1" 401 151 "-" "Mozilla/5.0 (compatible; Nmap Scripting Engine)"
66.249.66.2 - - [29/May/2026:01:27:56  +0800] "GET / HTTP/1.1" 200 4020 "-" "Mozilla/5.0 (compatible; bingbot/2.0; +http://www.bing.com/bingbot.htm)"
10.0.0.50 - - [29/May/2026:01:28:20  +0800] "GET /products.html HTTP/1.1" 200 3603 "https://www.google.com/" "Mozilla/5.0 (iPhone; CPU iPhone OS 17_0 like Mac OS X) Safari/604.1"
192.168.1.101 - - [29/May/2026:01:28:30  +0800] "GET /about.html HTTP/1.1" 304 0 "-" "Mozilla/5.0 (iPhone; CPU iPhone OS 17_0 like Mac OS X) Safari/604.1"
192.168.1.101 - - [29/May/2026:01:28:55  +0800] "DELETE /products.html HTTP/1.1" 200 4723 "https://www.google.com/" "Mozilla/5.0 (X11; Linux x86_64) AppleWebKit/537.36 Chrome/120.0.0.0 Safari/537.36"
192.168.2.200 - - [29/May/2026:01:28:59  +0800] "POST /search?q=keyword HTTP/1.1" 404 401 "https://www.bing.com/search?q=example" "Mozilla/5.0 (Macintosh; Intel Mac OS X 10_15_7) AppleWebKit/537.36 Chrome/120.0.0.0 Safari/537.36"
172.16.0.10 - - [29/May/2026:01:29:19  +0800] "POST /blog/ HTTP/1.1" 304 0 "-" "Mozilla/5.0 (Windows NT 10.0; Win64; x64) AppleWebKit/537.36 Chrome/120.0.0.0 Safari/537.36"
172.16.0.11 - - [29/May/2026:01:29:27  +0800] "GET /api/v1/auth/login HTTP/1.1" 404 507 "https://example.com/" "Mozilla/5.0 (Windows NT 10.0; Win64; x64) AppleWebKit/537.36 Chrome/120.0.0.0 Safari/537.36"
172.16.0.10 - - [29/May/2026:01:29:45  +0800] "DELETE /favicon.ico HTTP/1.1" 200 5643 "https://example.com/" "Mozilla/5.0 (Windows NT 10.0; Win64; x64) AppleWebKit/537.36 Chrome/120.0.0.0 Safari/537.36"
172.16.0.10 - - [29/May/2026:01:29:50  +0800] "GET /js/app.js HTTP/1.1" 304 0 "https://example.com/" "Mozilla/5.0 (Windows NT 10.0; Win64; x64) AppleWebKit/537.36 Chrome/120.0.0.0 Safari/537.36"
172.16.0.10 - - [29/May/2026:01:30:20  +0800] "GET /favicon.ico HTTP/1.1" 200 7944 "-" "Mozilla/5.0 (Windows NT 10.0; Win64; x64; rv:121.0) Gecko/20100101 Firefox/121.0"
66.249.66.2 - - [29/May/2026:01:30:38  +0800] "GET /index.html HTTP/1.1" 200 2018 "-" "Mozilla/5.0 (compatible; bingbot/2.0; +http://www.bing.com/bingbot.htm)"
172.16.0.10 - - [29/May/2026:01:30:56  +0800] "GET / HTTP/1.1" 404 229 "-" "Mozilla/5.0 (Windows NT 10.0; Win64; x64) AppleWebKit/537.36 Chrome/120.0.0.0 Safari/537.36"
157.55.39.1 - - [29/May/2026:01:31:08  +0800] "GET /about.html HTTP/1.1" 200 5324 "-" "Mozilla/5.0 (compatible; Googlebot/2.1; +http://www.google.com/bot.html)"
10.10.10.1 - - [29/May/2026:01:31:28  +0800] "GET /blog/ HTTP/1.1" 304 0 "https://example.com/" "Mozilla/5.0 (X11; Linux x86_64) AppleWebKit/537.36 Chrome/120.0.0.0 Safari/537.36"
172.16.0.10 - - [29/May/2026:01:31:58  +0800] "PUT /index.html HTTP/1.1" 301 83 "https://github.com/" "Mozilla/5.0 (Windows NT 10.0; Win64; x64) AppleWebKit/537.36 Chrome/120.0.0.0 Safari/537.36"
10.0.0.50 - - [29/May/2026:01:32:15  +0800] "GET /api/v1/orders HTTP/1.1" 301 87 "-" "Mozilla/5.0 (X11; Linux x86_64) AppleWebKit/537.36 Chrome/120.0.0.0 Safari/537.36"
91.219.237.1 - - [29/May/2026:01:32:45  +0800] "GET /wp-admin/ HTTP/1.1" 200 4193 "-" "Mozilla/5.0 (compatible; Nmap Scripting Engine)"
66.249.66.2 - - [29/May/2026:01:33:03  +0800] "GET /products.html HTTP/1.1" 403 254 "-" "Mozilla/5.0 (compatible; bingbot/2.0; +http://www.bing.com/bingbot.htm)"
172.16.0.11 - - [29/May/2026:01:33:06  +0800] "GET /favicon.ico HTTP/1.1" 304 0 "https://www.bing.com/search?q=example" "Mozilla/5.0 (iPhone; CPU iPhone OS 17_0 like Mac OS X) Safari/604.1"
10.10.10.1 - - [29/May/2026:01:33:31  +0800] "GET /index.html HTTP/1.1" 404 200 "-" "Mozilla/5.0 (iPhone; CPU iPhone OS 17_0 like Mac OS X) Safari/604.1"
192.168.3.15 - - [29/May/2026:01:33:39  +0800] "GET /sitemap.xml HTTP/1.1" 301 161 "https://www.google.com/" "Mozilla/5.0 (Windows NT 10.0; Win64; x64) AppleWebKit/537.36 Chrome/120.0.0.0 Safari/537.36"
123.125.71.1 - - [29/May/2026:01:33:49  +0800] "GET /products.html HTTP/1.1" 301 224 "-" "Mozilla/5.0 (compatible; bingbot/2.0; +http://www.bing.com/bingbot.htm)"
192.168.1.101 - - [29/May/2026:01:34:11  +0800] "GET /api/v1/auth/login HTTP/1.1" 200 5891 "https://example.com/" "Mozilla/5.0 (X11; Linux x86_64) AppleWebKit/537.36 Chrome/120.0.0.0 Safari/537.36"
157.55.39.1 - - [29/May/2026:01:34:16  +0800] "GET /index.html HTTP/1.1" 200 6842 "-" "Mozilla/5.0 (compatible; Googlebot/2.1; +http://www.google.com/bot.html)"
198.50.156.200 - - [29/May/2026:01:34:33  +0800] "GET /shell.php HTTP/1.1" 200 3447 "-" "Mozilla/5.0 (compatible; Nmap Scripting Engine)"
192.168.1.100 - - [29/May/2026:01:34:55  +0800] "GET /about.html HTTP/1.1" 200 6738 "https://example.com/" "Mozilla/5.0 (Macintosh; Intel Mac OS X 10_15_7) AppleWebKit/537.36 Chrome/120.0.0.0 Safari/537.36"
185.130.44.108 - - [29/May/2026:01:35:08  +0800] "GET /.git/config HTTP/1.1" 404 179 "-" "Mozilla/5.0 (compatible; Nmap Scripting Engine)"
192.168.1.100 - - [29/May/2026:01:35:32  +0800] "PUT /images/logo.png HTTP/1.1" 301 194 "https://example.com/" "Mozilla/5.0 (Macintosh; Intel Mac OS X 10_15_7) AppleWebKit/537.36 Chrome/120.0.0.0 Safari/537.36"
185.130.44.108 - - [29/May/2026:01:36:00  +0800] "GET /wp-admin/ HTTP/1.1" 404 394 "-" "Mozilla/5.0 (compatible; Nmap Scripting Engine)"
172.16.0.11 - - [29/May/2026:01:36:30  +0800] "PUT /images/logo.png HTTP/1.1" 200 1463 "https://example.com/" "Mozilla/5.0 (Macintosh; Intel Mac OS X 10_15_7) AppleWebKit/537.36 Chrome/120.0.0.0 Safari/537.36"
10.0.0.50 - - [29/May/2026:01:36:52  +0800] "PUT /search?q=keyword HTTP/1.1" 200 2482 "https://example.com/" "Mozilla/5.0 (Windows NT 10.0; Win64; x64; rv:121.0) Gecko/20100101 Firefox/121.0"
198.50.156.200 - - [29/May/2026:01:37:11  +0800] "GET /backup.sql HTTP/1.1" 403 83 "-" "Mozilla/5.0 (compatible; Nmap Scripting Engine)"
192.168.1.102 - - [29/May/2026:01:37:18  +0800] "GET / HTTP/1.1" 200 4989 "https://example.com/" "Mozilla/5.0 (Macintosh; Intel Mac OS X 10_15_7) AppleWebKit/537.36 Chrome/120.0.0.0 Safari/537.36"
172.16.0.11 - - [29/May/2026:01:37:23  +0800] "DELETE / HTTP/1.1" 200 6015 "https://www.google.com/" "Mozilla/5.0 (Windows NT 10.0; Win64; x64; rv:121.0) Gecko/20100101 Firefox/121.0"
192.168.1.100 - - [29/May/2026:01:37:28  +0800] "GET /favicon.ico HTTP/1.1" 200 3188 "https://www.bing.com/search?q=example" "Mozilla/5.0 (X11; Linux x86_64) AppleWebKit/537.36 Chrome/120.0.0.0 Safari/537.36"
123.125.71.1 - - [29/May/2026:01:37:38  +0800] "GET /products.html HTTP/1.1" 304 0 "-" "Mozilla/5.0 (compatible; bingbot/2.0; +http://www.bing.com/bingbot.htm)"
192.168.3.15 - - [29/May/2026:01:37:45  +0800] "GET / HTTP/1.1" 404 171 "-" "Mozilla/5.0 (iPhone; CPU iPhone OS 17_0 like Mac OS X) Safari/604.1"
192.168.1.102 - - [29/May/2026:01:38:01  +0800] "DELETE /products.html HTTP/1.1" 404 311 "https://www.google.com/" "Mozilla/5.0 (Windows NT 10.0; Win64; x64; rv:121.0) Gecko/20100101 Firefox/121.0"
10.0.0.50 - - [29/May/2026:01:38:21  +0800] "POST /sitemap.xml HTTP/1.1" 200 1576 "https://github.com/" "Mozilla/5.0 (Windows NT 10.0; Win64; x64; rv:121.0) Gecko/20100101 Firefox/121.0"
172.16.0.11 - - [29/May/2026:01:38:45  +0800] "GET /blog/post1.html HTTP/1.1" 301 111 "https://www.bing.com/search?q=example" "Mozilla/5.0 (Windows NT 10.0; Win64; x64; rv:121.0) Gecko/20100101 Firefox/121.0"
123.125.71.1 - - [29/May/2026:01:39:13  +0800] "GET /index.html HTTP/1.1" 200 323 "-" "Mozilla/5.0 (compatible; Googlebot/2.1; +http://www.google.com/bot.html)"
192.168.1.100 - - [29/May/2026:01:39:25  +0800] "GET /api/v1/auth/login HTTP/1.1" 301 306 "https://www.google.com/" "Mozilla/5.0 (Windows NT 10.0; Win64; x64) AppleWebKit/537.36 Chrome/120.0.0.0 Safari/537.36"
192.168.1.101 - - [29/May/2026:01:39:50  +0800] "GET /search?q=keyword HTTP/1.1" 404 99 "https://github.com/" "Mozilla/5.0 (Macintosh; Intel Mac OS X 10_15_7) AppleWebKit/537.36 Chrome/120.0.0.0 Safari/537.36"
192.168.1.101 - - [29/May/2026:01:39:59  +0800] "POST /search?q=keyword HTTP/1.1" 404 252 "https://example.com/" "Mozilla/5.0 (Windows NT 10.0; Win64; x64) AppleWebKit/537.36 Chrome/120.0.0.0 Safari/537.36"
198.50.156.200 - - [29/May/2026:01:40:08  +0800] "GET /shell.php HTTP/1.1" 403 101 "-" "Mozilla/5.0 (compatible; Nmap Scripting Engine)"
192.168.1.100 - - [29/May/2026:01:40:11  +0800] "GET /favicon.ico HTTP/1.1" 200 5608 "-" "Mozilla/5.0 (Windows NT 10.0; Win64; x64; rv:121.0) Gecko/20100101 Firefox/121.0"
172.16.0.10 - - [29/May/2026:01:40:13  +0800] "PUT /blog/post1.html HTTP/1.1" 200 7436 "https://example.com/" "Mozilla/5.0 (Macintosh; Intel Mac OS X 10_15_7) AppleWebKit/537.36 Chrome/120.0.0.0 Safari/537.36"
192.168.2.200 - - [29/May/2026:01:40:25  +0800] "GET /sitemap.xml HTTP/1.1" 304 0 "https://www.bing.com/search?q=example" "Mozilla/5.0 (Macintosh; Intel Mac OS X 10_15_7) AppleWebKit/537.36 Chrome/120.0.0.0 Safari/537.36"
192.168.1.102 - - [29/May/2026:01:40:49  +0800] "GET /sitemap.xml HTTP/1.1" 200 5030 "-" "Mozilla/5.0 (Windows NT 10.0; Win64; x64) AppleWebKit/537.36 Chrome/120.0.0.0 Safari/537.36"
66.249.66.1 - - [29/May/2026:01:40:55  +0800] "GET /blog/ HTTP/1.1" 200 6602 "-" "Mozilla/5.0 (compatible; bingbot/2.0; +http://www.bing.com/bingbot.htm)"
10.0.0.50 - - [29/May/2026:01:41:03  +0800] "POST /api/v1/orders HTTP/1.1" 200 5075 "https://github.com/" "Mozilla/5.0 (Windows NT 10.0; Win64; x64) AppleWebKit/537.36 Chrome/120.0.0.0 Safari/537.36"
172.16.0.10 - - [29/May/2026:01:41:10  +0800] "POST /index.html HTTP/1.1" 404 173 "https://www.bing.com/search?q=example" "Mozilla/5.0 (Windows NT 10.0; Win64; x64) AppleWebKit/537.36 Chrome/120.0.0.0 Safari/537.36"
172.16.0.10 - - [29/May/2026:01:41:37  +0800] "PUT /sitemap.xml HTTP/1.1" 200 564 "https://www.google.com/" "Mozilla/5.0 (Macintosh; Intel Mac OS X 10_15_7) AppleWebKit/537.36 Chrome/120.0.0.0 Safari/537.36"
5.188.210.227 - - [29/May/2026:01:41:54  +0800] "GET /.git/config HTTP/1.1" 403 378 "-" "Mozilla/5.0 (compatible; Nmap Scripting Engine)"
192.168.2.200 - - [29/May/2026:01:42:06  +0800] "PUT /sitemap.xml HTTP/1.1" 304 0 "https://www.bing.com/search?q=example" "Mozilla/5.0 (X11; Linux x86_64) AppleWebKit/537.36 Chrome/120.0.0.0 Safari/537.36"
192.168.3.15 - - [29/May/2026:01:42:25  +0800] "GET /favicon.ico HTTP/1.1" 304 0 "https://www.google.com/" "Mozilla/5.0 (X11; Linux x86_64) AppleWebKit/537.36 Chrome/120.0.0.0 Safari/537.36"
192.168.1.102 - - [29/May/2026:01:42:52  +0800] "GET /blog/post1.html HTTP/1.1" 200 4729 "https://www.google.com/" "Mozilla/5.0 (Windows NT 10.0; Win64; x64) AppleWebKit/537.36 Chrome/120.0.0.0 Safari/537.36"
45.33.32.156 - - [29/May/2026:01:43:00  +0800] "GET /wp-login.php HTTP/1.1" 404 564 "-" "Mozilla/5.0 (compatible; Nmap Scripting Engine)"
192.168.1.102 - - [29/May/2026:01:43:10  +0800] "POST /sitemap.xml HTTP/1.1" 200 4341 "https://github.com/" "Mozilla/5.0 (iPhone; CPU iPhone OS 17_0 like Mac OS X) Safari/604.1"
198.50.156.200 - - [29/May/2026:01:43:22  +0800] "GET /backup.sql HTTP/1.1" 403 161 "-" "Mozilla/5.0 (compatible; Nmap Scripting Engine)"
45.33.32.156 - - [29/May/2026:01:43:36  +0800] "GET /wp-admin/ HTTP/1.1" 404 194 "-" "Mozilla/5.0 (compatible; Nmap Scripting Engine)"
192.168.1.101 - - [29/May/2026:01:43:50  +0800] "GET /favicon.ico HTTP/1.1" 404 289 "https://github.com/" "Mozilla/5.0 (Macintosh; Intel Mac OS X 10_15_7) AppleWebKit/537.36 Chrome/120.0.0.0 Safari/537.36"
123.125.71.1 - - [29/May/2026:01:43:51  +0800] "GET / HTTP/1.1" 304 0 "-" "Mozilla/5.0 (compatible; bingbot/2.0; +http://www.bing.com/bingbot.htm)"
192.168.1.100 - - [29/May/2026:01:44:12  +0800] "DELETE /js/app.js HTTP/1.1" 200 6257 "https://example.com/" "Mozilla/5.0 (Macintosh; Intel Mac OS X 10_15_7) AppleWebKit/537.36 Chrome/120.0.0.0 Safari/537.36"
66.249.66.2 - - [29/May/2026:01:44:19  +0800] "GET /sitemap.xml HTTP/1.1" 304 0 "-" "Mozilla/5.0 (compatible; bingbot/2.0; +http://www.bing.com/bingbot.htm)"
192.168.1.101 - - [29/May/2026:01:44:41  +0800] "GET /products.html HTTP/1.1" 200 4342 "https://www.google.com/" "Mozilla/5.0 (Windows NT 10.0; Win64; x64; rv:121.0) Gecko/20100101 Firefox/121.0"
10.10.10.1 - - [29/May/2026:01:45:00  +0800] "GET / HTTP/1.1" 304 0 "https://example.com/" "Mozilla/5.0 (iPhone; CPU iPhone OS 17_0 like Mac OS X) Safari/604.1"
172.16.0.11 - - [29/May/2026:01:45:20  +0800] "GET /api/v1/orders HTTP/1.1" 304 0 "https://www.google.com/" "Mozilla/5.0 (Windows NT 10.0; Win64; x64; rv:121.0) Gecko/20100101 Firefox/121.0"
66.249.66.2 - - [29/May/2026:01:45:39  +0800] "GET /blog/ HTTP/1.1" 200 2719 "-" "Mozilla/5.0 (compatible; bingbot/2.0; +http://www.bing.com/bingbot.htm)"
192.168.3.15 - - [29/May/2026:01:46:00  +0800] "GET / HTTP/1.1" 200 6642 "https://github.com/" "Mozilla/5.0 (Macintosh; Intel Mac OS X 10_15_7) AppleWebKit/537.36 Chrome/120.0.0.0 Safari/537.36"
45.33.32.156 - - [29/May/2026:01:46:16  +0800] "GET /wp-login.php HTTP/1.1" 500 144 "-" "Mozilla/5.0 (compatible; Nmap Scripting Engine)"
10.0.0.51 - - [29/May/2026:01:46:41  +0800] "PUT /favicon.ico HTTP/1.1" 200 8333 "https://www.google.com/" "Mozilla/5.0 (Windows NT 10.0; Win64; x64) AppleWebKit/537.36 Chrome/120.0.0.0 Safari/537.36"
185.130.44.108 - - [29/May/2026:01:46:48  +0800] "GET /xmlrpc.php HTTP/1.1" 404 281 "-" "Mozilla/5.0 (compatible; Nmap Scripting Engine)"
185.130.44.108 - - [29/May/2026:01:47:08  +0800] "GET /.env HTTP/1.1" 404 417 "-" "Mozilla/5.0 (compatible; Nmap Scripting Engine)"
172.16.0.10 - - [29/May/2026:01:47:18  +0800] "GET /about.html HTTP/1.1" 200 1863 "https://www.google.com/" "Mozilla/5.0 (iPhone; CPU iPhone OS 17_0 like Mac OS X) Safari/604.1"
10.10.10.1 - - [29/May/2026:01:47:41  +0800] "PUT /images/logo.png HTTP/1.1" 304 0 "https://www.google.com/" "Mozilla/5.0 (Macintosh; Intel Mac OS X 10_15_7) AppleWebKit/537.36 Chrome/120.0.0.0 Safari/537.36"
172.16.0.10 - - [29/May/2026:01:47:52  +0800] "GET /index.html HTTP/1.1" 200 5712 "https://github.com/" "Mozilla/5.0 (X11; Linux x86_64) AppleWebKit/537.36 Chrome/120.0.0.0 Safari/537.36"
192.168.1.101 - - [29/May/2026:01:47:53  +0800] "POST /api/v1/orders HTTP/1.1" 200 989 "-" "Mozilla/5.0 (Windows NT 10.0; Win64; x64) AppleWebKit/537.36 Chrome/120.0.0.0 Safari/537.36"
203.208.60.1 - - [29/May/2026:01:48:17  +0800] "GET /search?q=keyword HTTP/1.1" 403 251 "-" "Mozilla/5.0 (compatible; Googlebot/2.1; +http://www.google.com/bot.html)"
10.0.0.51 - - [29/May/2026:01:48:22  +0800] "GET /index.html HTTP/1.1" 404 298 "https://github.com/" "Mozilla/5.0 (Macintosh; Intel Mac OS X 10_15_7) AppleWebKit/537.36 Chrome/120.0.0.0 Safari/537.36"
10.0.0.50 - - [29/May/2026:01:48:34  +0800] "GET /css/style.css HTTP/1.1" 200 1564 "https://www.google.com/" "Mozilla/5.0 (Windows NT 10.0; Win64; x64; rv:121.0) Gecko/20100101 Firefox/121.0"
10.0.0.50 - - [29/May/2026:01:49:04  +0800] "GET /api/v1/products HTTP/1.1" 404 192 "-" "Mozilla/5.0 (Macintosh; Intel Mac OS X 10_15_7) AppleWebKit/537.36 Chrome/120.0.0.0 Safari/537.36"
45.33.32.156 - - [29/May/2026:01:49:17  +0800] "GET /xmlrpc.php HTTP/1.1" 404 386 "-" "Mozilla/5.0 (compatible; Nmap Scripting Engine)"
123.125.71.1 - - [29/May/2026:01:49:28  +0800] "GET /products.html HTTP/1.1" 200 5277 "-" "Mozilla/5.0 (compatible; bingbot/2.0; +http://www.bing.com/bingbot.htm)"
123.125.71.1 - - [29/May/2026:01:49:57  +0800] "GET /search?q=keyword HTTP/1.1" 304 0 "-" "Mozilla/5.0 (compatible; Googlebot/2.1; +http://www.google.com/bot.html)"
172.16.0.11 - - [29/May/2026:01:50:01  +0800] "GET /sitemap.xml HTTP/1.1" 200 7373 "https://github.com/" "Mozilla/5.0 (iPhone; CPU iPhone OS 17_0 like Mac OS X) Safari/604.1"
91.219.237.1 - - [29/May/2026:01:50:16  +0800] "GET /xmlrpc.php HTTP/1.1" 403 132 "-" "Mozilla/5.0 (compatible; Nmap Scripting Engine)"
66.249.66.2 - - [29/May/2026:01:50:38  +0800] "GET /blog/ HTTP/1.1" 304 0 "-" "Mozilla/5.0 (compatible; Googlebot/2.1; +http://www.google.com/bot.html)"
203.208.60.1 - - [29/May/2026:01:51:04  +0800] "GET /search?q=keyword HTTP/1.1" 200 5541 "-" "Mozilla/5.0 (compatible; Googlebot/2.1; +http://www.google.com/bot.html)"
45.33.32.156 - - [29/May/2026:01:51:16  +0800] "GET /backup.sql HTTP/1.1" 404 101 "-" "Mozilla/5.0 (compatible; Nmap Scripting Engine)"
10.0.0.50 - - [29/May/2026:01:51:45  +0800] "GET /images/logo.png HTTP/1.1" 304 0 "https://www.bing.com/search?q=example" "Mozilla/5.0 (Windows NT 10.0; Win64; x64; rv:121.0) Gecko/20100101 Firefox/121.0"
66.249.66.1 - - [29/May/2026:01:52:06  +0800] "GET /index.html HTTP/1.1" 200 6571 "-" "Mozilla/5.0 (compatible; Googlebot/2.1; +http://www.google.com/bot.html)"
192.168.1.101 - - [29/May/2026:01:52:27  +0800] "GET /index.html HTTP/1.1" 304 0 "https://www.google.com/" "Mozilla/5.0 (Macintosh; Intel Mac OS X 10_15_7) AppleWebKit/537.36 Chrome/120.0.0.0 Safari/537.36"
192.168.1.100 - - [29/May/2026:01:52:28  +0800] "DELETE /index.html HTTP/1.1" 304 0 "https://www.bing.com/search?q=example" "Mozilla/5.0 (X11; Linux x86_64) AppleWebKit/537.36 Chrome/120.0.0.0 Safari/537.36"
192.168.2.200 - - [29/May/2026:01:52:31  +0800] "GET /sitemap.xml HTTP/1.1" 200 5230 "https://www.bing.com/search?q=example" "Mozilla/5.0 (Windows NT 10.0; Win64; x64; rv:121.0) Gecko/20100101 Firefox/121.0"
10.0.0.51 - - [29/May/2026:01:52:47  +0800] "POST /products.html HTTP/1.1" 301 84 "https://example.com/" "Mozilla/5.0 (Macintosh; Intel Mac OS X 10_15_7) AppleWebKit/537.36 Chrome/120.0.0.0 Safari/537.36"
10.0.0.50 - - [29/May/2026:01:52:53  +0800] "GET /blog/ HTTP/1.1" 200 2219 "https://www.google.com/" "Mozilla/5.0 (iPhone; CPU iPhone OS 17_0 like Mac OS X) Safari/604.1"
10.0.0.50 - - [29/May/2026:01:53:14  +0800] "POST /js/app.js HTTP/1.1" 404 119 "https://github.com/" "Mozilla/5.0 (iPhone; CPU iPhone OS 17_0 like Mac OS X) Safari/604.1"
172.16.0.11 - - [29/May/2026:01:53:28  +0800] "POST /api/v1/users HTTP/1.1" 304 0 "https://example.com/" "Mozilla/5.0 (X11; Linux x86_64) AppleWebKit/537.36 Chrome/120.0.0.0 Safari/537.36"
172.16.0.10 - - [29/May/2026:01:53:42  +0800] "POST /api/v1/auth/login HTTP/1.1" 304 0 "https://example.com/" "Mozilla/5.0 (Windows NT 10.0; Win64; x64; rv:121.0) Gecko/20100101 Firefox/121.0"
203.208.60.1 - - [29/May/2026:01:54:02  +0800] "GET /products.html HTTP/1.1" 301 82 "-" "Mozilla/5.0 (compatible; bingbot/2.0; +http://www.bing.com/bingbot.htm)"
66.249.66.2 - - [29/May/2026:01:54:24  +0800] "GET /index.html HTTP/1.1" 301 310 "-" "Mozilla/5.0 (compatible; bingbot/2.0; +http://www.bing.com/bingbot.htm)"
172.16.0.11 - - [29/May/2026:01:54:52  +0800] "DELETE /products.html HTTP/1.1" 301 84 "https://www.google.com/" "Mozilla/5.0 (Macintosh; Intel Mac OS X 10_15_7) AppleWebKit/537.36 Chrome/120.0.0.0 Safari/537.36"
192.168.1.102 - - [29/May/2026:01:55:22  +0800] "DELETE /css/style.css HTTP/1.1" 200 5164 "https://www.bing.com/search?q=example" "Mozilla/5.0 (iPhone; CPU iPhone OS 17_0 like Mac OS X) Safari/604.1"
192.168.3.15 - - [29/May/2026:01:55:44  +0800] "PUT /sitemap.xml HTTP/1.1" 404 181 "-" "Mozilla/5.0 (X11; Linux x86_64) AppleWebKit/537.36 Chrome/120.0.0.0 Safari/537.36"
172.16.0.11 - - [29/May/2026:01:56:09  +0800] "POST /api/v1/users HTTP/1.1" 200 709 "https://example.com/" "Mozilla/5.0 (Macintosh; Intel Mac OS X 10_15_7) AppleWebKit/537.36 Chrome/120.0.0.0 Safari/537.36"
10.0.0.50 - - [29/May/2026:01:56:30  +0800] "GET / HTTP/1.1" 404 250 "https://example.com/" "Mozilla/5.0 (X11; Linux x86_64) AppleWebKit/537.36 Chrome/120.0.0.0 Safari/537.36"
66.249.66.2 - - [29/May/2026:01:56:51  +0800] "GET /search?q=keyword HTTP/1.1" 200 8098 "-" "Mozilla/5.0 (compatible; Googlebot/2.1; +http://www.google.com/bot.html)"
172.16.0.10 - - [29/May/2026:01:56:56  +0800] "DELETE /search?q=keyword HTTP/1.1" 200 5546 "https://www.bing.com/search?q=example" "Mozilla/5.0 (X11; Linux x86_64) AppleWebKit/537.36 Chrome/120.0.0.0 Safari/537.36"
185.130.44.108 - - [29/May/2026:01:56:59  +0800] "GET /shell.php HTTP/1.1" 403 457 "-" "Mozilla/5.0 (compatible; Nmap Scripting Engine)"
192.168.1.100 - - [29/May/2026:01:57:12  +0800] "GET /api/v1/auth/login HTTP/1.1" 301 247 "https://example.com/" "Mozilla/5.0 (Windows NT 10.0; Win64; x64) AppleWebKit/537.36 Chrome/120.0.0.0 Safari/537.36"
192.168.1.102 - - [29/May/2026:01:57:15  +0800] "GET /api/v1/auth/login HTTP/1.1" 304 0 "-" "Mozilla/5.0 (Windows NT 10.0; Win64; x64) AppleWebKit/537.36 Chrome/120.0.0.0 Safari/537.36"
192.168.3.15 - - [29/May/2026:01:57:26  +0800] "GET /blog/ HTTP/1.1" 200 4913 "https://example.com/" "Mozilla/5.0 (X11; Linux x86_64) AppleWebKit/537.36 Chrome/120.0.0.0 Safari/537.36"
172.16.0.11 - - [29/May/2026:01:57:33  +0800] "GET /about.html HTTP/1.1" 304 0 "https://github.com/" "Mozilla/5.0 (Windows NT 10.0; Win64; x64) AppleWebKit/537.36 Chrome/120.0.0.0 Safari/537.36"
10.0.0.50 - - [29/May/2026:01:57:59  +0800] "GET /api/v1/products HTTP/1.1" 200 3095 "https://www.google.com/" "Mozilla/5.0 (Macintosh; Intel Mac OS X 10_15_7) AppleWebKit/537.36 Chrome/120.0.0.0 Safari/537.36"
123.125.71.1 - - [29/May/2026:01:58:15  +0800] "GET /blog/ HTTP/1.1" 200 1641 "-" "Mozilla/5.0 (compatible; bingbot/2.0; +http://www.bing.com/bingbot.htm)"
203.208.60.1 - - [29/May/2026:01:58:45  +0800] "GET /blog/ HTTP/1.1" 200 1249 "-" "Mozilla/5.0 (compatible; Googlebot/2.1; +http://www.google.com/bot.html)"
172.16.0.10 - - [29/May/2026:01:59:02  +0800] "GET /api/v1/auth/login HTTP/1.1" 200 3944 "https://www.bing.com/search?q=example" "Mozilla/5.0 (Windows NT 10.0; Win64; x64; rv:121.0) Gecko/20100101 Firefox/121.0"
172.16.0.10 - - [29/May/2026:01:59:04  +0800] "POST /js/app.js HTTP/1.1" 200 8339 "https://github.com/" "Mozilla/5.0 (X11; Linux x86_64) AppleWebKit/537.36 Chrome/120.0.0.0 Safari/537.36"
10.0.0.51 - - [29/May/2026:01:59:23  +0800] "POST /api/v1/orders HTTP/1.1" 200 6745 "https://github.com/" "Mozilla/5.0 (Macintosh; Intel Mac OS X 10_15_7) AppleWebKit/537.36 Chrome/120.0.0.0 Safari/537.36"
10.10.10.1 - - [29/May/2026:01:59:44  +0800] "GET /api/v1/users HTTP/1.1" 200 3016 "https://www.bing.com/search?q=example" "Mozilla/5.0 (X11; Linux x86_64) AppleWebKit/537.36 Chrome/120.0.0.0 Safari/537.36"
172.16.0.11 - - [29/May/2026:02:00:03  +0800] "GET /search?q=keyword HTTP/1.1" 304 0 "-" "Mozilla/5.0 (Windows NT 10.0; Win64; x64; rv:121.0) Gecko/20100101 Firefox/121.0"
203.208.60.1 - - [29/May/2026:02:00:17  +0800] "GET /index.html HTTP/1.1" 200 6455 "-" "Mozilla/5.0 (compatible; Googlebot/2.1; +http://www.google.com/bot.html)"
192.168.3.15 - - [29/May/2026:02:00:44  +0800] "GET / HTTP/1.1" 404 464 "https://www.bing.com/search?q=example" "Mozilla/5.0 (Macintosh; Intel Mac OS X 10_15_7) AppleWebKit/537.36 Chrome/120.0.0.0 Safari/537.36"
192.168.1.100 - - [29/May/2026:02:01:06  +0800] "GET /css/style.css HTTP/1.1" 200 6299 "https://example.com/" "Mozilla/5.0 (iPhone; CPU iPhone OS 17_0 like Mac OS X) Safari/604.1"
185.130.44.108 - - [29/May/2026:02:01:13  +0800] "GET /wp-admin/ HTTP/1.1" 404 492 "-" "Mozilla/5.0 (compatible; Nmap Scripting Engine)"
172.16.0.10 - - [29/May/2026:02:01:21  +0800] "POST /css/style.css HTTP/1.1" 200 5630 "https://github.com/" "Mozilla/5.0 (iPhone; CPU iPhone OS 17_0 like Mac OS X) Safari/604.1"
192.168.2.200 - - [29/May/2026:02:01:31  +0800] "GET /favicon.ico HTTP/1.1" 304 0 "https://github.com/" "Mozilla/5.0 (iPhone; CPU iPhone OS 17_0 like Mac OS X) Safari/604.1"
192.168.1.100 - - [29/May/2026:02:01:44  +0800] "GET /css/style.css HTTP/1.1" 304 0 "-" "Mozilla/5.0 (iPhone; CPU iPhone OS 17_0 like Mac OS X) Safari/604.1"
192.168.1.100 - - [29/May/2026:02:01:53  +0800] "GET /favicon.ico HTTP/1.1" 200 4962 "https://example.com/" "Mozilla/5.0 (Windows NT 10.0; Win64; x64; rv:121.0) Gecko/20100101 Firefox/121.0"
172.16.0.11 - - [29/May/2026:02:01:55  +0800] "PUT /favicon.ico HTTP/1.1" 200 4136 "-" "Mozilla/5.0 (X11; Linux x86_64) AppleWebKit/537.36 Chrome/120.0.0.0 Safari/537.36"
10.0.0.50 - - [29/May/2026:02:01:57  +0800] "PUT /js/app.js HTTP/1.1" 200 2036 "https://www.google.com/" "Mozilla/5.0 (X11; Linux x86_64) AppleWebKit/537.36 Chrome/120.0.0.0 Safari/537.36"
91.219.237.1 - - [29/May/2026:02:02:12  +0800] "GET /shell.php HTTP/1.1" 200 7716 "-" "Mozilla/5.0 (compatible; Nmap Scripting Engine)"
192.168.1.101 - - [29/May/2026:02:02:25  +0800] "DELETE /sitemap.xml HTTP/1.1" 200 1385 "https://example.com/" "Mozilla/5.0 (Windows NT 10.0; Win64; x64) AppleWebKit/537.36 Chrome/120.0.0.0 Safari/537.36"
172.16.0.11 - - [29/May/2026:02:02:52  +0800] "GET /api/v1/auth/login HTTP/1.1" 304 0 "-" "Mozilla/5.0 (Windows NT 10.0; Win64; x64; rv:121.0) Gecko/20100101 Firefox/121.0"
192.168.2.200 - - [29/May/2026:02:03:18  +0800] "POST /sitemap.xml HTTP/1.1" 200 3125 "https://example.com/" "Mozilla/5.0 (X11; Linux x86_64) AppleWebKit/537.36 Chrome/120.0.0.0 Safari/537.36"
185.130.44.108 - - [29/May/2026:02:03:47  +0800] "GET /xmlrpc.php HTTP/1.1" 403 65 "-" "Mozilla/5.0 (compatible; Nmap Scripting Engine)"
198.50.156.200 - - [29/May/2026:02:04:13  +0800] "GET /.git/config HTTP/1.1" 404 344 "-" "Mozilla/5.0 (compatible; Nmap Scripting Engine)"
45.33.32.156 - - [29/May/2026:02:04:20  +0800] "GET /shell.php HTTP/1.1" 404 244 "-" "Mozilla/5.0 (compatible; Nmap Scripting Engine)"
157.55.39.1 - - [29/May/2026:02:04:25  +0800] "GET / HTTP/1.1" 304 0 "-" "Mozilla/5.0 (compatible; Googlebot/2.1; +http://www.google.com/bot.html)"
5.188.210.227 - - [29/May/2026:02:04:54  +0800] "GET /wp-admin/ HTTP/1.1" 404 356 "-" "Mozilla/5.0 (compatible; Nmap Scripting Engine)"
192.168.3.15 - - [29/May/2026:02:05:20  +0800] "GET /api/v1/orders HTTP/1.1" 200 5422 "https://github.com/" "Mozilla/5.0 (X11; Linux x86_64) AppleWebKit/537.36 Chrome/120.0.0.0 Safari/537.36"
10.0.0.50 - - [29/May/2026:02:05:34  +0800] "GET /about.html HTTP/1.1" 404 524 "https://example.com/" "Mozilla/5.0 (iPhone; CPU iPhone OS 17_0 like Mac OS X) Safari/604.1"
45.33.32.156 - - [29/May/2026:02:05:51  +0800] "GET /shell.php HTTP/1.1" 404 411 "-" "Mozilla/5.0 (compatible; Nmap Scripting Engine)"
185.130.44.108 - - [29/May/2026:02:06:04  +0800] "GET /wp-admin/ HTTP/1.1" 403 448 "-" "Mozilla/5.0 (compatible; Nmap Scripting Engine)"
172.16.0.10 - - [29/May/2026:02:06:18  +0800] "GET /api/v1/orders HTTP/1.1" 200 4547 "https://www.google.com/" "Mozilla/5.0 (Macintosh; Intel Mac OS X 10_15_7) AppleWebKit/537.36 Chrome/120.0.0.0 Safari/537.36"
192.168.2.200 - - [29/May/2026:02:06:36  +0800] "GET /css/style.css HTTP/1.1" 200 4357 "https://github.com/" "Mozilla/5.0 (Windows NT 10.0; Win64; x64; rv:121.0) Gecko/20100101 Firefox/121.0"
10.0.0.50 - - [29/May/2026:02:06:37  +0800] "POST /favicon.ico HTTP/1.1" 304 0 "-" "Mozilla/5.0 (Windows NT 10.0; Win64; x64) AppleWebKit/537.36 Chrome/120.0.0.0 Safari/537.36"
192.168.3.15 - - [29/May/2026:02:07:02  +0800] "GET /css/style.css HTTP/1.1" 200 5907 "https://github.com/" "Mozilla/5.0 (iPhone; CPU iPhone OS 17_0 like Mac OS X) Safari/604.1"
45.33.32.156 - - [29/May/2026:02:07:04  +0800] "GET /shell.php HTTP/1.1" 404 427 "-" "Mozilla/5.0 (compatible; Nmap Scripting Engine)"
10.0.0.51 - - [29/May/2026:02:07:27  +0800] "GET /blog/post1.html HTTP/1.1" 304 0 "https://www.bing.com/search?q=example" "Mozilla/5.0 (X11; Linux x86_64) AppleWebKit/537.36 Chrome/120.0.0.0 Safari/537.36"
192.168.2.200 - - [29/May/2026:02:07:33  +0800] "POST / HTTP/1.1" 301 223 "https://github.com/" "Mozilla/5.0 (Windows NT 10.0; Win64; x64; rv:121.0) Gecko/20100101 Firefox/121.0"
10.10.10.1 - - [29/May/2026:02:07:53  +0800] "GET /js/app.js HTTP/1.1" 200 323 "https://example.com/" "Mozilla/5.0 (iPhone; CPU iPhone OS 17_0 like Mac OS X) Safari/604.1"
10.0.0.50 - - [29/May/2026:02:07:56  +0800] "GET / HTTP/1.1" 200 4870 "-" "Mozilla/5.0 (X11; Linux x86_64) AppleWebKit/537.36 Chrome/120.0.0.0 Safari/537.36"
66.249.66.1 - - [29/May/2026:02:08:03  +0800] "GET / HTTP/1.1" 200 3533 "-" "Mozilla/5.0 (compatible; Googlebot/2.1; +http://www.google.com/bot.html)"
123.125.71.1 - - [29/May/2026:02:08:31  +0800] "GET /blog/ HTTP/1.1" 200 7310 "-" "Mozilla/5.0 (compatible; bingbot/2.0; +http://www.bing.com/bingbot.htm)"
91.219.237.1 - - [29/May/2026:02:08:46  +0800] "GET /wp-login.php HTTP/1.1" 500 97 "-" "Mozilla/5.0 (compatible; Nmap Scripting Engine)"
10.0.0.51 - - [29/May/2026:02:08:57  +0800] "GET /index.html HTTP/1.1" 200 7803 "https://github.com/" "Mozilla/5.0 (iPhone; CPU iPhone OS 17_0 like Mac OS X) Safari/604.1"
66.249.66.2 - - [29/May/2026:02:09:19  +0800] "GET / HTTP/1.1" 304 0 "-" "Mozilla/5.0 (compatible; Googlebot/2.1; +http://www.google.com/bot.html)"
