10.0.0.50 - - [29/May/2026:00:00:00  +0800] "POST /api/v1/orders HTTP/1.1" 200 3332 "-" "Mozilla/5.0 (iPhone; CPU iPhone OS 17_0 like Mac OS X) Safari/604.1"
66.249.66.2 - - [29/May/2026:00:00:16  +0800] "GET /index.html HTTP/1.1" 304 0 "-" "Mozilla/5.0 (compatible; bingbot/2.0; +http://www.bing.com/bingbot.htm)"
123.125.71.1 - - [29/May/2026:00:00:46  +0800] "GET /sitemap.xml HTTP/1.1" 403 505 "-" "Mozilla/5.0 (compatible; Googlebot/2.1; +http://www.google.com/bot.html)"
123.125.71.1 - - [29/May/2026:00:00:50  +0800] "GET /products.html HTTP/1.1" 200 7065 "-" "Mozilla/5.0 (compatible; Googlebot/2.1; +http://www.google.com/bot.html)"
192.168.2.200 - - [29/May/2026:00:01:10  +0800] "POST /images/logo.png HTTP/1.1" 301 217 "https://www.bing.com/search?q=example" "Mozilla/5.0 (iPhone; CPU iPhone OS 17_0 like Mac OS X) Safari/604.1"
192.168.1.101 - - [29/May/2026:00:01:13  +0800] "GET /blog/ HTTP/1.1" 304 0 "https://www.google.com/" "Mozilla/5.0 (Windows NT 10.0; Win64; x64) AppleWebKit/537.36 Chrome/120.0.0.0 Safari/537.36"
10.0.0.51 - - [29/May/2026:00:01:16  +0800] "POST /images/logo.png HTTP/1.1" 301 68 "https://example.com/" "Mozilla/5.0 (iPhone; CPU iPhone OS 17_0 like Mac OS X) Safari/604.1"
66.249.66.1 - - [29/May/2026:00:01:43  +0800] "GET /search?q=keyword HTTP/1.1" 200 8300 "-" "Mozilla/5.0 (compatible; Googlebot/2.1; +http://www.google.com/bot.html)"
172.16.0.10 - - [29/May/2026:00:01:57  +0800] "POST /blog/ HTTP/1.1" 200 4584 "https://example.com/" "Mozilla/5.0 (Windows NT 10.0; Win64; x64; rv:121.0) Gecko/20100101 Firefox/121.0"
10.0.0.51 - - [29/May/2026:00:01:59  +0800] "GET /products.html HTTP/1.1" 200 3396 "https://github.com/" "Mozilla/5.0 (Macintosh; Intel Mac OS X 10_15_7) AppleWebKit/537.36 Chrome/120.0.0.0 Safari/537.36"
5.188.210.227 - - [29/May/2026:00:02:29  +0800] "GET /wp-admin/ HTTP/1.1" 404 414 "-" "Mozilla/5.0 (compatible; Nmap Scripting Engine)"
192.168.1.101 - - [29/May/2026:00:02:34  +0800] "GET /products.html HTTP/1.1" 200 4878 "-" "Mozilla/5.0 (Macintosh; Intel Mac OS X 10_15_7) AppleWebKit/537.36 Chrome/120.0.0.0 Safari/537.36"
66.249.66.1 - - [29/May/2026:00:02:47  +0800] "GET /products.html HTTP/1.1" 403 502 "-" "Mozilla/5.0 (compatible; bingbot/2.0; +http://www.bing.com/bingbot.htm)"
192.168.2.200 - - [29/May/2026:00:03:15  +0800] "GET /index.html HTTP/1.1" 200 2307 "https://www.google.com/" "Mozilla/5.0 (Windows NT 10.0; Win64; x64) AppleWebKit/537.36 Chrome/120.0.0.0 Safari/537.36"
192.168.1.102 - - [29/May/2026:00:03:39  +0800] "PUT /search?q=keyword HTTP/1.1" 200 5726 "https://www.bing.com/search?q=example" "Mozilla/5.0 (Macintosh; Intel Mac OS X 10_15_7) AppleWebKit/537.36 Chrome/120.0.0.0 Safari/537.36"
10.0.0.50 - - [29/May/2026:00:04:01  +0800] "POST /images/logo.png HTTP/1.1" 200 2940 "-" "Mozilla/5.0 (iPhone; CPU iPhone OS 17_0 like Mac OS X) Safari/604.1"
45.33.32.156 - - [29/May/2026:00:04:20  +0800] "GET /.env HTTP/1.1" 403 459 "-" "Mozilla/5.0 (compatible; Nmap Scripting Engine)"
10.10.10.1 - - [29/May/2026:00:04:25  +0800] "GET /css/style.css HTTP/1.1" 200 999 "https://example.com/" "Mozilla/5.0 (Windows NT 10.0; Win64; x64; rv:121.0) Gecko/20100101 Firefox/121.0"
10.0.0.51 - - [29/May/2026:00:04:33  +0800] "GET /images/logo.png HTTP/1.1" 200 2132 "https://example.com/" "Mozilla/5.0 (X11; Linux x86_64) AppleWebKit/537.36 Chrome/120.0.0.0 Safari/537.36"
192.168.2.200 - - [29/May/2026:00:04:34  +0800] "GET /favicon.ico HTTP/1.1" 200 956 "https://www.bing.com/search?q=example" "Mozilla/5.0 (Windows NT 10.0; Win64; x64) AppleWebKit/537.36 Chrome/120.0.0.0 Safari/537.36"
45.33.32.156 - - [29/May/2026:00:04:51  +0800] "GET /backup.sql HTTP/1.1" 404 413 "-" "Mozilla/5.0 (compatible; Nmap Scripting Engine)"
172.16.0.11 - - [29/May/2026:00:05:13  +0800] "PUT /images/logo.png HTTP/1.1" 301 86 "https://www.google.com/" "Mozilla/5.0 (X11; Linux x86_64) AppleWebKit/537.36 Chrome/120.0.0.0 Safari/537.36"
203.208.60.1 - - [29/May/2026:00:05:37  +0800] "GET /sitemap.xml HTTP/1.1" 304 0 "-" "Mozilla/5.0 (compatible; Googlebot/2.1; +http://www.google.com/bot.html)"
192.168.3.15 - - [29/May/2026:00:05:58  +0800] "POST /api/v1/orders HTTP/1.1" 200 4813 "https://github.com/" "Mozilla/5.0 (iPhone; CPU iPhone OS 17_0 like Mac OS X) Safari/604.1"
198.50.156.200 - - [29/May/2026:00:06:10  +0800] "GET /wp-login.php HTTP/1.1" 403 198 "-" "Mozilla/5.0 (compatible; Nmap Scripting Engine)"
192.168.3.15 - - [29/May/2026:00:06:12  +0800] "PUT /api/v1/orders HTTP/1.1" 304 0 "https://www.bing.com/search?q=example" "Mozilla/5.0 (Macintosh; Intel Mac OS X 10_15_7) AppleWebKit/537.36 Chrome/120.0.0.0 Safari/537.36"
10.0.0.51 - - [29/May/2026:00:06:30  +0800] "POST /api/v1/products HTTP/1.1" 200 2911 "https://www.google.com/" "Mozilla/5.0 (Windows NT 10.0; Win64; x64; rv:121.0) Gecko/20100101 Firefox/121.0"
192.168.1.100 - - [29/May/2026:00:06:38  +0800] "GET /images/logo.png HTTP/1.1" 304 0 "https://www.bing.com/search?q=example" "Mozilla/5.0 (X11; Linux x86_64) AppleWebKit/537.36 Chrome/120.0.0.0 Safari/537.36"
192.168.1.102 - - [29/May/2026:00:07:08  +0800] "GET /js/app.js HTTP/1.1" 404 254 "https://www.bing.com/search?q=example" "Mozilla/5.0 (X11; Linux x86_64) AppleWebKit/537.36 Chrome/120.0.0.0 Safari/537.36"
10.0.0.51 - - [29/May/2026:00:07:09  +0800] "POST /index.html HTTP/1.1" 304 0 "https://example.com/" "Mozilla/5.0 (Windows NT 10.0; Win64; x64) AppleWebKit/537.36 Chrome/120.0.0.0 Safari/537.36"
10.0.0.50 - - [29/May/2026:00:07:23  +0800] "GET /api/v1/auth/login HTTP/1.1" 304 0 "https://github.com/" "Mozilla/5.0 (Windows NT 10.0; Win64; x64) AppleWebKit/537.36 Chrome/120.0.0.0 Safari/537.36"
172.16.0.10 - - [29/May/2026:00:07:34  +0800] "GET /api/v1/auth/login HTTP/1.1" 301 198 "https://github.com/" "Mozilla/5.0 (Macintosh; Intel Mac OS X 10_15_7) AppleWebKit/537.36 Chrome/120.0.0.0 Safari/537.36"
123.125.71.1 - - [29/May/2026:00:07:38  +0800] "GET /products.html HTTP/1.1" 200 7761 "-" "Mozilla/5.0 (compatible; Googlebot/2.1; +http://www.google.com/bot.html)"
10.10.10.1 - - [29/May/2026:00:07:40  +0800] "GET /blog/post1.html HTTP/1.1" 200 7642 "https://www.google.com/" "Mozilla/5.0 (Windows NT 10.0; Win64; x64) AppleWebKit/537.36 Chrome/120.0.0.0 Safari/537.36"
5.188.210.227 - - [29/May/2026:00:07:58  +0800] "GET /wp-login.php HTTP/1.1" 200 3937 "-" "Mozilla/5.0 (compatible; Nmap Scripting Engine)"
66.249.66.2 - - [29/May/2026:00:08:16  +0800] "GET /index.html HTTP/1.1" 301 196 "-" "Mozilla/5.0 (compatible; Googlebot/2.1; +http://www.google.com/bot.html)"
10.10.10.1 - - [29/May/2026:00:08:19  +0800] "DELETE /css/style.css HTTP/1.1" 304 0 "https://example.com/" "Mozilla/5.0 (iPhone; CPU iPhone OS 17_0 like Mac OS X) Safari/604.1"
123.125.71.1 - - [29/May/2026:00:08:23  +0800] "GET /about.html HTTP/1.1" 200 4706 "-" "Mozilla/5.0 (compatible; Googlebot/2.1; +http://www.google.com/bot.html)"
192.168.3.15 - - [29/May/2026:00:08:41  +0800] "POST /about.html HTTP/1.1" 200 2853 "https://www.google.com/" "Mozilla/5.0 (iPhone; CPU iPhone OS 17_0 like Mac OS X) Safari/604.1"
185.130.44.108 - - [29/May/2026:00:08:46  +0800] "GET /shell.php HTTP/1.1" 404 412 "-" "Mozilla/5.0 (compatible; Nmap Scripting Engine)"
192.168.2.200 - - [29/May/2026:00:09:00  +0800] "PUT /index.html HTTP/1.1" 404 212 "https://www.bing.com/search?q=example" "Mozilla/5.0 (X11; Linux x86_64) AppleWebKit/537.36 Chrome/120.0.0.0 Safari/537.36"
91.219.237.1 - - [29/May/2026:00:09:10  +0800] "GET /xmlrpc.php HTTP/1.1" 404 435 "-" "Mozilla/5.0 (compatible; Nmap Scripting Engine)"
157.55.39.1 - - [29/May/2026:00:09:28  +0800] "GET /blog/post1.html HTTP/1.1" 403 551 "-" "Mozilla/5.0 (compatible; bingbot/2.0; +http://www.bing.com/bingbot.htm)"
198.50.156.200 - - [29/May/2026:00:09:37  +0800] "GET /.git/config HTTP/1.1" 404 150 "-" "Mozilla/5.0 (compatible; Nmap Scripting Engine)"
10.10.10.1 - - [29/May/2026:00:09:50  +0800] "POST /images/logo.png HTTP/1.1" 200 6760 "https://example.com/" "Mozilla/5.0 (X11; Linux x86_64) AppleWebKit/537.36 Chrome/120.0.0.0 Safari/537.36"
5.188.210.227 - - [29/May/2026:00:09:53  +0800] "GET /backup.sql HTTP/1.1" 404 311 "-" "Mozilla/5.0 (compatible; Nmap Scripting Engine)"
192.168.1.101 - - [29/May/2026:00:10:03  +0800] "DELETE /products.html HTTP/1.1" 304 0 "https://www.google.com/" "Mozilla/5.0 (Windows NT 10.0; Win64; x64; rv:121.0) Gecko/20100101 Firefox/121.0"
203.208.60.1 - - [29/May/2026:00:10:12  +0800] "GET /blog/ HTTP/1.1" 200 4702 "-" "Mozilla/5.0 (compatible; bingbot/2.0; +http://www.bing.com/bingbot.htm)"
10.0.0.50 - - [29/May/2026:00:10:42  +0800] "GET /images/logo.png HTTP/1.1" 200 5521 "https://example.com/" "Mozilla/5.0 (iPhone; CPU iPhone OS 17_0 like Mac OS X) Safari/604.1"
192.168.2.200 - - [29/May/2026:00:11:11  +0800] "POST / HTTP/1.1" 301 145 "-" "Mozilla/5.0 (X11; Linux x86_64) AppleWebKit/537.36 Chrome/120.0.0.0 Safari/537.36"
10.0.0.50 - - [29/May/2026:00:11:18  +0800] "DELETE /index.html HTTP/1.1" 200 5908 "https://github.com/" "Mozilla/5.0 (Windows NT 10.0; Win64; x64) AppleWebKit/537.36 Chrome/120.0.0.0 Safari/537.36"
192.168.1.101 - - [29/May/2026:00:11:29  +0800] "POST /blog/ HTTP/1.1" 200 7361 "https://www.bing.com/search?q=example" "Mozilla/5.0 (X11; Linux x86_64) AppleWebKit/537.36 Chrome/120.0.0.0 Safari/537.36"
157.55.39.1 - - [29/May/2026:00:11:44  +0800] "GET / HTTP/1.1" 301 83 "-" "Mozilla/5.0 (compatible; Googlebot/2.1; +http://www.google.com/bot.html)"
192.168.1.101 - - [29/May/2026:00:12:06  +0800] "PUT /search?q=keyword HTTP/1.1" 200 5965 "https://example.com/" "Mozilla/5.0 (Windows NT 10.0; Win64; x64) AppleWebKit/537.36 Chrome/120.0.0.0 Safari/537.36"
192.168.2.200 - - [29/May/2026:00:12:25  +0800] "GET /index.html HTTP/1.1" 304 0 "https://www.google.com/" "Mozilla/5.0 (Windows NT 10.0; Win64; x64; rv:121.0) Gecko/20100101 Firefox/121.0"
192.168.2.200 - - [29/May/2026:00:12:32  +0800] "DELETE /images/logo.png HTTP/1.1" 200 7836 "https://www.google.com/" "Mozilla/5.0 (X11; Linux x86_64) AppleWebKit/537.36 Chrome/120.0.0.0 Safari/537.36"
172.16.0.11 - - [29/May/2026:00:12:35  +0800] "POST /products.html HTTP/1.1" 301 132 "https://example.com/" "Mozilla/5.0 (iPhone; CPU iPhone OS 17_0 like Mac OS X) Safari/604.1"
192.168.1.100 - - [29/May/2026:00:12:42  +0800] "GET /favicon.ico HTTP/1.1" 304 0 "https://example.com/" "Mozilla/5.0 (Windows NT 10.0; Win64; x64; rv:121.0) Gecko/20100101 Firefox/121.0"
172.16.0.10 - - [29/May/2026:00:12:58  +0800] "PUT /images/logo.png HTTP/1.1" 304 0 "https://example.com/" "Mozilla/5.0 (Macintosh; Intel Mac OS X 10_15_7) AppleWebKit/537.36 Chrome/120.0.0.0 Safari/537.36"
185.130.44.108 - - [29/May/2026:00:13:24  +0800] "GET /backup.sql HTTP/1.1" 500 123 "-" "Mozilla/5.0 (compatible; Nmap Scripting Engine)"
192.168.1.100 - - [29/May/2026:00:13:45  +0800] "GET /api/v1/products HTTP/1.1" 200 1317 "https://github.com/" "Mozilla/5.0 (Macintosh; Intel Mac OS X 10_15_7) AppleWebKit/537.36 Chrome/120.0.0.0 Safari/537.36"
5.188.210.227 - - [29/May/2026:00:13:51  +0800] "GET /wp-login.php HTTP/1.1" 404 325 "-" "Mozilla/5.0 (compatible; Nmap Scripting Engine)"
203.208.60.1 - - [29/May/2026:00:14:11  +0800] "GET /blog/post1.html HTTP/1.1" 304 0 "-" "Mozilla/5.0 (compatible; Googlebot/2.1; +http://www.google.com/bot.html)"
192.168.2.200 - - [29/May/2026:00:14:20  +0800] "GET /css/style.css HTTP/1.1" 200 5547 "https://example.com/" "Mozilla/5.0 (Macintosh; Intel Mac OS X 10_15_7) AppleWebKit/537.36 Chrome/120.0.0.0 Safari/537.36"
185.130.44.108 - - [29/May/2026:00:14:27  +0800] "GET /.git/config HTTP/1.1" 403 309 "-" "Mozilla/5.0 (compatible; Nmap Scripting Engine)"
192.168.1.102 - - [29/May/2026:00:14:43  +0800] "GET /images/logo.png HTTP/1.1" 200 4352 "https://github.com/" "Mozilla/5.0 (Macintosh; Intel Mac OS X 10_15_7) AppleWebKit/537.36 Chrome/120.0.0.0 Safari/537.36"
66.249.66.2 - - [29/May/2026:00:14:52  +0800] "GET /about.html HTTP/1.1" 403 128 "-" "Mozilla/5.0 (compatible; bingbot/2.0; +http://www.bing.com/bingbot.htm)"
192.168.1.101 - - [29/May/2026:00:15:18  +0800] "POST /api/v1/auth/login HTTP/1.1" 404 368 "https://example.com/" "Mozilla/5.0 (X11; Linux x86_64) AppleWebKit/537.36 Chrome/120.0.0.0 Safari/537.36"
172.16.0.11 - - [29/May/2026:00:15:44  +0800] "GET /css/style.css HTTP/1.1" 304 0 "https://github.com/" "Mozilla/5.0 (Macintosh; Intel Mac OS X 10_15_7) AppleWebKit/537.36 Chrome/120.0.0.0 Safari/537.36"
192.168.1.101 - - [29/May/2026:00:16:01  +0800] "GET /blog/post1.html HTTP/1.1" 200 2811 "-" "Mozilla/5.0 (X11; Linux x86_64) AppleWebKit/537.36 Chrome/120.0.0.0 Safari/537.36"
192.168.3.15 - - [29/May/2026:00:16:13  +0800] "POST /blog/ HTTP/1.1" 304 0 "https://www.google.com/" "Mozilla/5.0 (Windows NT 10.0; Win64; x64; rv:121.0) Gecko/20100101 Firefox/121.0"
10.10.10.1 - - [29/May/2026:00:16:15  +0800] "GET /index.html HTTP/1.1" 200 2492 "https://www.bing.com/search?q=example" "Mozilla/5.0 (Windows NT 10.0; Win64; x64; rv:121.0) Gecko/20100101 Firefox/121.0"
192.168.1.100 - - [29/May/2026:00:16:23  +0800] "GET /about.html HTTP/1.1" 200 6878 "-" "Mozilla/5.0 (iPhone; CPU iPhone OS 17_0 like Mac OS X) Safari/604.1"
198.50.156.200 - - [29/May/2026:00:16:27  +0800] "GET /wp-login.php HTTP/1.1" 500 101 "-" "Mozilla/5.0 (compatible; Nmap Scripting Engine)"
192.168.3.15 - - [29/May/2026:00:16:50  +0800] "GET /api/v1/users HTTP/1.1" 200 4641 "https://github.com/" "Mozilla/5.0 (X11; Linux x86_64) AppleWebKit/537.36 Chrome/120.0.0.0 Safari/537.36"
192.168.3.15 - - [29/May/2026:00:17:09  +0800] "PUT /index.html HTTP/1.1" 304 0 "-" "Mozilla/5.0 (Windows NT 10.0; Win64; x64) AppleWebKit/537.36 Chrome/120.0.0.0 Safari/537.36"
192.168.2.200 - - [29/May/2026:00:17:17  +0800] "GET /index.html HTTP/1.1" 304 0 "https://www.bing.com/search?q=example" "Mozilla/5.0 (X11; Linux x86_64) AppleWebKit/537.36 Chrome/120.0.0.0 Safari/537.36"
10.0.0.51 - - [29/May/2026:00:17:21  +0800] "PUT /favicon.ico HTTP/1.1" 404 247 "https://github.com/" "Mozilla/5.0 (Windows NT 10.0; Win64; x64; rv:121.0) Gecko/20100101 Firefox/121.0"
172.16.0.10 - - [29/May/2026:00:17:50  +0800] "GET /api/v1/auth/login HTTP/1.1" 200 6134 "https://github.com/" "Mozilla/5.0 (X11; Linux x86_64) AppleWebKit/537.36 Chrome/120.0.0.0 Safari/537.36"
172.16.0.11 - - [29/May/2026:00:18:17  +0800] "GET /api/v1/auth/login HTTP/1.1" 200 2889 "https://github.com/" "Mozilla/5.0 (Windows NT 10.0; Win64; x64; rv:121.0) Gecko/20100101 Firefox/121.0"
192.168.3.15 - - [29/May/2026:00:18:29  +0800] "GET /favicon.ico HTTP/1.1" 200 2024 "https://www.google.com/" "Mozilla/5.0 (iPhone; CPU iPhone OS 17_0 like Mac OS X) Safari/604.1"
10.0.0.51 - - [29/May/2026:00:18:52  +0800] "GET /images/logo.png HTTP/1.1" 200 5747 "-" "Mozilla/5.0 (iPhone; CPU iPhone OS 17_0 like Mac OS X) Safari/604.1"
123.125.71.1 - - [29/May/2026:00:19:07  +0800] "GET / HTTP/1.1" 304 0 "-" "Mozilla/5.0 (compatible; Googlebot/2.1; +http://www.google.com/bot.html)"
192.168.3.15 - - [29/May/2026:00:19:22  +0800] "GET /blog/ HTTP/1.1" 200 470 "https://www.google.com/" "Mozilla/5.0 (Windows NT 10.0; Win64; x64) AppleWebKit/537.36 Chrome/120.0.0.0 Safari/537.36"
66.249.66.2 - - [29/May/2026:00:19:51  +0800] "GET /sitemap.xml HTTP/1.1" 304 0 "-" "Mozilla/5.0 (compatible; bingbot/2.0; +http://www.bing.com/bingbot.htm)"
66.249.66.2 - - [29/May/2026:00:19:56  +0800] "GET /blog/ HTTP/1.1" 304 0 "-" "Mozilla/5.0 (compatible; Googlebot/2.1; +http://www.google.com/bot.html)"
10.10.10.1 - - [29/May/2026:00:20:16  +0800] "POST /products.html HTTP/1.1" 200 1946 "-" "Mozilla/5.0 (Windows NT 10.0; Win64; x64; rv:121.0) Gecko/20100101 Firefox/121.0"
45.33.32.156 - - [29/May/2026:00:20:41  +0800] "GET /shell.php HTTP/1.1" 401 285 "-" "Mozilla/5.0 (compatible; Nmap Scripting Engine)"
192.168.1.100 - - [29/May/2026:00:20:56  +0800] "GET /api/v1/auth/login HTTP/1.1" 404 258 "https://www.bing.com/search?q=example" "Mozilla/5.0 (Windows NT 10.0; Win64; x64; rv:121.0) Gecko/20100101 Firefox/121.0"
66.249.66.1 - - [29/May/2026:00:21:03  +0800] "GET /blog/post1.html HTTP/1.1" 200 7646 "-" "Mozilla/5.0 (compatible; Googlebot/2.1; +http://www.google.com/bot.html)"
10.10.10.1 - - [29/May/2026:00:21:17  +0800] "GET /index.html HTTP/1.1" 200 2868 "https://github.com/" "Mozilla/5.0 (Macintosh; Intel Mac OS X 10_15_7) AppleWebKit/537.36 Chrome/120.0.0.0 Safari/537.36"
192.168.1.100 - - [29/May/2026:00:21:45  +0800] "GET /images/logo.png HTTP/1.1" 200 1572 "https://github.com/" "Mozilla/5.0 (Windows NT 10.0; Win64; x64) AppleWebKit/537.36 Chrome/120.0.0.0 Safari/537.36"
10.0.0.50 - - [29/May/2026:00:22:09  +0800] "POST /blog/ HTTP/1.1" 304 0 "https://www.google.com/" "Mozilla/5.0 (Windows NT 10.0; Win64; x64; rv:121.0) Gecko/20100101 Firefox/121.0"
192.168.1.101 - - [29/May/2026:00:22:16  +0800] "PUT /api/v1/auth/login HTTP/1.1" 200 6777 "https://github.com/" "Mozilla/5.0 (Windows NT 10.0; Win64; x64) AppleWebKit/537.36 Chrome/120.0.0.0 Safari/537.36"
157.55.39.1 - - [29/May/2026:00:22:27  +0800] "GET /search?q=keyword HTTP/1.1" 200 5862 "-" "Mozilla/5.0 (compatible; Googlebot/2.1; +http://www.google.com/bot.html)"
192.168.1.100 - - [29/May/2026:00:22:35  +0800] "GET /blog/post1.html HTTP/1.1" 301 141 "https://github.com/" "Mozilla/5.0 (Windows NT 10.0; Win64; x64) AppleWebKit/537.36 Chrome/120.0.0.0 Safari/537.36"
192.168.2.200 - - [29/May/2026:00:22:57  +0800] "GET /js/app.js HTTP/1.1" 301 199 "https://github.com/" "Mozilla/5.0 (Windows NT 10.0; Win64; x64; rv:121.0) Gecko/20100101 Firefox/121.0"
192.168.3.15 - - [29/May/2026:00:23:20  +0800] "POST / HTTP/1.1" 304 0 "https://example.com/" "Mozilla/5.0 (X11; Linux x86_64) AppleWebKit/537.36 Chrome/120.0.0.0 Safari/537.36"
10.10.10.1 - - [29/May/2026:00:23:43  +0800] "GET /js/app.js HTTP/1.1" 304 0 "-" "Mozilla/5.0 (Windows NT 10.0; Win64; x64) AppleWebKit/537.36 Chrome/120.0.0.0 Safari/537.36"
192.168.1.101 - - [29/May/2026:00:23:50  +0800] "GET /blog/ HTTP/1.1" 404 519 "https://github.com/" "Mozilla/5.0 (Windows NT 10.0; Win64; x64) AppleWebKit/537.36 Chrome/120.0.0.0 Safari/537.36"
172.16.0.11 - - [29/May/2026:00:23:54  +0800] "POST / HTTP/1.1" 304 0 "https://github.com/" "Mozilla/5.0 (iPhone; CPU iPhone OS 17_0 like Mac OS X) Safari/604.1"
172.16.0.10 - - [29/May/2026:00:24:19  +0800] "GET / HTTP/1.1" 200 5738 "https://www.google.com/" "Mozilla/5.0 (iPhone; CPU iPhone OS 17_0 like Mac OS X) Safari/604.1"
123.125.71.1 - - [29/May/2026:00:24:27  +0800] "GET / HTTP/1.1" 301 275 "-" "Mozilla/5.0 (compatible; bingbot/2.0; +http://www.bing.com/bingbot.htm)"
45.33.32.156 - - [29/May/2026:00:24:38  +0800] "GET /wp-admin/ HTTP/1.1" 500 49 "-" "Mozilla/5.0 (compatible; Nmap Scripting Engine)"
192.168.2.200 - - [29/May/2026:00:24:51  +0800] "POST /blog/ HTTP/1.1" 200 1747 "https://github.com/" "Mozilla/5.0 (Windows NT 10.0; Win64; x64; rv:121.0) Gecko/20100101 Firefox/121.0"
10.10.10.1 - - [29/May/2026:00:25:06  +0800] "GET /js/app.js HTTP/1.1" 200 3865 "-" "Mozilla/5.0 (Macintosh; Intel Mac OS X 10_15_7) AppleWebKit/537.36 Chrome/120.0.0.0 Safari/537.36"
192.168.1.101 - - [29/May/2026:00:25:13  +0800] "GET /index.html HTTP/1.1" 200 6012 "https://github.com/" "Mozilla/5.0 (Windows NT 10.0; Win64; x64) AppleWebKit/537.36 Chrome/120.0.0.0 Safari/537.36"
192.168.1.101 - - [29/May/2026:00:25:22  +0800] "PUT /blog/post1.html HTTP/1.1" 200 1264 "-" "Mozilla/5.0 (Windows NT 10.0; Win64; x64) AppleWebKit/537.36 Chrome/120.0.0.0 Safari/537.36"
10.10.10.1 - - [29/May/2026:00:25:36  +0800] "DELETE /index.html HTTP/1.1" 404 299 "https://example.com/" "Mozilla/5.0 (X11; Linux x86_64) AppleWebKit/537.36 Chrome/120.0.0.0 Safari/537.36"
172.16.0.11 - - [29/May/2026:00:25:55  +0800] "GET /blog/post1.html HTTP/1.1" 200 4680 "https://www.bing.com/search?q=example" "Mozilla/5.0 (Macintosh; Intel Mac OS X 10_15_7) AppleWebKit/537.36 Chrome/120.0.0.0 Safari/537.36"
91.219.237.1 - - [29/May/2026:00:26:24  +0800] "GET /xmlrpc.php HTTP/1.1" 404 130 "-" "Mozilla/5.0 (compatible; Nmap Scripting Engine)"
192.168.2.200 - - [29/May/2026:00:26:51  +0800] "DELETE /sitemap.xml HTTP/1.1" 304 0 "https://example.com/" "Mozilla/5.0 (Windows NT 10.0; Win64; x64; rv:121.0) Gecko/20100101 Firefox/121.0"
10.0.0.51 - - [29/May/2026:00:27:03  +0800] "GET /favicon.ico HTTP/1.1" 304 0 "-" "Mozilla/5.0 (iPhone; CPU iPhone OS 17_0 like Mac OS X) Safari/604.1"
198.50.156.200 - - [29/May/2026:00:27:15  +0800] "GET /wp-login.php HTTP/1.1" 404 531 "-" "Mozilla/5.0 (compatible; Nmap Scripting Engine)"
192.168.2.200 - - [29/May/2026:00:27:25  +0800] "DELETE /blog/ HTTP/1.1" 304 0 "https://github.com/" "Mozilla/5.0 (iPhone; CPU iPhone OS 17_0 like Mac OS X) Safari/604.1"
192.168.2.200 - - [29/May/2026:00:27:32  +0800] "GET /products.html HTTP/1.1" 200 7863 "-" "Mozilla/5.0 (iPhone; CPU iPhone OS 17_0 like Mac OS X) Safari/604.1"
185.130.44.108 - - [29/May/2026:00:27:56  +0800] "GET /.git/config HTTP/1.1" 404 492 "-" "Mozilla/5.0 (compatible; Nmap Scripting Engine)"
192.168.3.15 - - [29/May/2026:00:28:15  +0800] "POST /images/logo.png HTTP/1.1" 304 0 "https://github.com/" "Mozilla/5.0 (iPhone; CPU iPhone OS 17_0 like Mac OS X) Safari/604.1"
192.168.1.101 - - [29/May/2026:00:28:41  +0800] "GET /search?q=keyword HTTP/1.1" 304 0 "https://github.com/" "Mozilla/5.0 (Windows NT 10.0; Win64; x64; rv:121.0) Gecko/20100101 Firefox/121.0"
5.188.210.227 - - [29/May/2026:00:28:43  +0800] "GET /shell.php HTTP/1.1" 404 451 "-" "Mozilla/5.0 (compatible; Nmap Scripting Engine)"
123.125.71.1 - - [29/May/2026:00:28:52  +0800] "GET /products.html HTTP/1.1" 403 194 "-" "Mozilla/5.0 (compatible; Googlebot/2.1; +http://www.google.com/bot.html)"
10.10.10.1 - - [29/May/2026:00:28:56  +0800] "PUT /blog/post1.html HTTP/1.1" 200 7303 "https://www.google.com/" "Mozilla/5.0 (Windows NT 10.0; Win64; x64) AppleWebKit/537.36 Chrome/120.0.0.0 Safari/537.36"
192.168.2.200 - - [29/May/2026:00:29:13  +0800] "POST /css/style.css HTTP/1.1" 200 2873 "https://www.google.com/" "Mozilla/5.0 (Macintosh; Intel Mac OS X 10_15_7) AppleWebKit/537.36 Chrome/120.0.0.0 Safari/537.36"
172.16.0.11 - - [29/May/2026:00:29:27  +0800] "GET /blog/ HTTP/1.1" 200 1796 "-" "Mozilla/5.0 (Windows NT 10.0; Win64; x64) AppleWebKit/537.36 Chrome/120.0.0.0 Safari/537.36"
10.10.10.1 - - [29/May/2026:00:29:55  +0800] "GET /api/v1/auth/login HTTP/1.1" 200 3046 "https://example.com/" "Mozilla/5.0 (Macintosh; Intel Mac OS X 10_15_7) AppleWebKit/537.36 Chrome/120.0.0.0 Safari/537.36"
192.168.1.101 - - [29/May/2026:00:30:06  +0800] "GET /api/v1/products HTTP/1.1" 200 921 "https://example.com/" "Mozilla/5.0 (Macintosh; Intel Mac OS X 10_15_7) AppleWebKit/537.36 Chrome/120.0.0.0 Safari/537.36"
66.249.66.1 - - [29/May/2026:00:30:24  +0800] "GET /blog/ HTTP/1.1" 200 2262 "-" "Mozilla/5.0 (compatible; bingbot/2.0; +http://www.bing.com/bingbot.htm)"
172.16.0.11 - - [29/May/2026:00:30:36  +0800] "GET /favicon.ico HTTP/1.1" 200 4416 "https://www.bing.com/search?q=example" "Mozilla/5.0 (Windows NT 10.0; Win64; x64; rv:121.0) Gecko/20100101 Firefox/121.0"
192.168.2.200 - - [29/May/2026:00:30:46  +0800] "PUT /api/v1/orders HTTP/1.1" 200 8051 "https://example.com/" "Mozilla/5.0 (Windows NT 10.0; Win64; x64) AppleWebKit/537.36 Chrome/120.0.0.0 Safari/537.36"
10.0.0.51 - - [29/May/2026:00:30:48  +0800] "GET /products.html HTTP/1.1" 200 6875 "-" "Mozilla/5.0 (Windows NT 10.0; Win64; x64; rv:121.0) Gecko/20100101 Firefox/121.0"
192.168.3.15 - - [29/May/2026:00:31:15  +0800] "GET /css/style.css HTTP/1.1" 200 7396 "https://www.google.com/" "Mozilla/5.0 (Macintosh; Intel Mac OS X 10_15_7) AppleWebKit/537.36 Chrome/120.0.0.0 Safari/537.36"
192.168.1.102 - - [29/May/2026:00:31:27  +0800] "GET /search?q=keyword HTTP/1.1" 200 2800 "https://github.com/" "Mozilla/5.0 (Macintosh; Intel Mac OS X 10_15_7) AppleWebKit/537.36 Chrome/120.0.0.0 Safari/537.36"
45.33.32.156 - - [29/May/2026:00:31:43  +0800] "GET /.git/config HTTP/1.1" 404 490 "-" "Mozilla/5.0 (compatible; Nmap Scripting Engine)"
172.16.0.10 - - [29/May/2026:00:32:02  +0800] "DELETE / HTTP/1.1" 301 228 "https://example.com/" "Mozilla/5.0 (Windows NT 10.0; Win64; x64) AppleWebKit/537.36 Chrome/120.0.0.0 Safari/537.36"
192.168.2.200 - - [29/May/2026:00:32:20  +0800] "PUT /about.html HTTP/1.1" 404 574 "https://www.bing.com/search?q=example" "Mozilla/5.0 (X11; Linux x86_64) AppleWebKit/537.36 Chrome/120.0.0.0 Safari/537.36"
192.168.1.101 - - [29/May/2026:00:32:46  +0800] "DELETE /blog/ HTTP/1.1" 404 489 "-" "Mozilla/5.0 (Windows NT 10.0; Win64; x64; rv:121.0) Gecko/20100101 Firefox/121.0"
10.10.10.1 - - [29/May/2026:00:33:02  +0800] "GET /api/v1/orders HTTP/1.1" 301 149 "https://example.com/" "Mozilla/5.0 (Windows NT 10.0; Win64; x64) AppleWebKit/537.36 Chrome/120.0.0.0 Safari/537.36"
10.10.10.1 - - [29/May/2026:00:33:23  +0800] "POST /api/v1/products HTTP/1.1" 200 1915 "https://example.com/" "Mozilla/5.0 (Macintosh; Intel Mac OS X 10_15_7) AppleWebKit/537.36 Chrome/120.0.0.0 Safari/537.36"
192.168.1.102 - - [29/May/2026:00:33:36  +0800] "POST /api/v1/products HTTP/1.1" 200 973 "https://www.google.com/" "Mozilla/5.0 (Macintosh; Intel Mac OS X 10_15_7) AppleWebKit/537.36 Chrome/120.0.0.0 Safari/537.36"
192.168.1.102 - - [29/May/2026:00:33:38  +0800] "PUT /favicon.ico HTTP/1.1" 200 5259 "https://example.com/" "Mozilla/5.0 (Windows NT 10.0; Win64; x64; rv:121.0) Gecko/20100101 Firefox/121.0"
192.168.1.102 - - [29/May/2026:00:33:40  +0800] "GET /images/logo.png HTTP/1.1" 304 0 "https://www.bing.com/search?q=example" "Mozilla/5.0 (Macintosh; Intel Mac OS X 10_15_7) AppleWebKit/537.36 Chrome/120.0.0.0 Safari/537.36"
192.168.1.102 - - [29/May/2026:00:34:01  +0800] "GET /favicon.ico HTTP/1.1" 200 1405 "https://www.bing.com/search?q=example" "Mozilla/5.0 (Macintosh; Intel Mac OS X 10_15_7) AppleWebKit/537.36 Chrome/120.0.0.0 Safari/537.36"
157.55.39.1 - - [29/May/2026:00:34:17  +0800] "GET / HTTP/1.1" 200 7580 "-" "Mozilla/5.0 (compatible; Googlebot/2.1; +http://www.google.com/bot.html)"
192.168.1.102 - - [29/May/2026:00:34:30  +0800] "GET /api/v1/orders HTTP/1.1" 304 0 "https://www.google.com/" "Mozilla/5.0 (iPhone; CPU iPhone OS 17_0 like Mac OS X) Safari/604.1"
192.168.2.200 - - [29/May/2026:00:34:37  +0800] "GET /images/logo.png HTTP/1.1" 304 0 "https://github.com/" "Mozilla/5.0 (Windows NT 10.0; Win64; x64; rv:121.0) Gecko/20100101 Firefox/121.0"
185.130.44.108 - - [29/May/2026:00:34:40  +0800] "GET /shell.php HTTP/1.1" 200 2416 "-" "Mozilla/5.0 (compatible; Nmap Scripting Engine)"
185.130.44.108 - - [29/May/2026:00:34:53  +0800] "GET /.git/config HTTP/1.1" 404 208 "-" "Mozilla/5.0 (compatible; Nmap Scripting Engine)"
172.16.0.10 - - [29/May/2026:00:35:08  +0800] "PUT /api/v1/products HTTP/1.1" 304 0 "-" "Mozilla/5.0 (X11; Linux x86_64) AppleWebKit/537.36 Chrome/120.0.0.0 Safari/537.36"
185.130.44.108 - - [29/May/2026:00:35:27  +0800] "GET /.env HTTP/1.1" 500 74 "-" "Mozilla/5.0 (compatible; Nmap Scripting Engine)"
198.50.156.200 - - [29/May/2026:00:35:56  +0800] "GET /backup.sql HTTP/1.1" 403 67 "-" "Mozilla/5.0 (compatible; Nmap Scripting Engine)"
192.168.1.100 - - [29/May/2026:00:36:09  +0800] "GET /js/app.js HTTP/1.1" 304 0 "https://www.google.com/" "Mozilla/5.0 (Windows NT 10.0; Win64; x64) AppleWebKit/537.36 Chrome/120.0.0.0 Safari/537.36"
91.219.237.1 - - [29/May/2026:00:36:19  +0800] "GET /backup.sql HTTP/1.1" 401 141 "-" "Mozilla/5.0 (compatible; Nmap Scripting Engine)"
10.0.0.51 - - [29/May/2026:00:36:28  +0800] "POST /sitemap.xml HTTP/1.1" 404 487 "https://www.bing.com/search?q=example" "Mozilla/5.0 (Windows NT 10.0; Win64; x64; rv:121.0) Gecko/20100101 Firefox/121.0"
192.168.1.102 - - [29/May/2026:00:36:40  +0800] "GET /api/v1/auth/login HTTP/1.1" 304 0 "https://www.google.com/" "Mozilla/5.0 (Windows NT 10.0; Win64; x64; rv:121.0) Gecko/20100101 Firefox/121.0"
192.168.3.15 - - [29/May/2026:00:37:06  +0800] "GET /products.html HTTP/1.1" 304 0 "https://www.google.com/" "Mozilla/5.0 (Macintosh; Intel Mac OS X 10_15_7) AppleWebKit/537.36 Chrome/120.0.0.0 Safari/537.36"
10.0.0.51 - - [29/May/2026:00:37:11  +0800] "GET /blog/post1.html HTTP/1.1" 304 0 "https://example.com/" "Mozilla/5.0 (X11; Linux x86_64) AppleWebKit/537.36 Chrome/120.0.0.0 Safari/537.36"
203.208.60.1 - - [29/May/2026:00:37:31  +0800] "GET /about.html HTTP/1.1" 403 413 "-" "Mozilla/5.0 (compatible; bingbot/2.0; +http://www.bing.com/bingbot.htm)"
157.55.39.1 - - [29/May/2026:00:37:54  +0800] "GET /blog/post1.html HTTP/1.1" 301 199 "-" "Mozilla/5.0 (compatible; bingbot/2.0; +http://www.bing.com/bingbot.htm)"
10.10.10.1 - - [29/May/2026:00:38:08  +0800] "POST /sitemap.xml HTTP/1.1" 304 0 "https://www.bing.com/search?q=example" "Mozilla/5.0 (Windows NT 10.0; Win64; x64) AppleWebKit/537.36 Chrome/120.0.0.0 Safari/537.36"
192.168.1.101 - - [29/May/2026:00:38:10  +0800] "PUT / HTTP/1.1" 304 0 "https://www.bing.com/search?q=example" "Mozilla/5.0 (X11; Linux x86_64) AppleWebKit/537.36 Chrome/120.0.0.0 Safari/537.36"
5.188.210.227 - - [29/May/2026:00:38:14  +0800] "GET /backup.sql HTTP/1.1" 403 166 "-" "Mozilla/5.0 (compatible; Nmap Scripting Engine)"
5.188.210.227 - - [29/May/2026:00:38:26  +0800] "GET /xmlrpc.php HTTP/1.1" 404 268 "-" "Mozilla/5.0 (compatible; Nmap Scripting Engine)"
10.0.0.50 - - [29/May/2026:00:38:52  +0800] "DELETE /blog/ HTTP/1.1" 200 4340 "https://www.bing.com/search?q=example" "Mozilla/5.0 (X11; Linux x86_64) AppleWebKit/537.36 Chrome/120.0.0.0 Safari/537.36"
45.33.32.156 - - [29/May/2026:00:38:58  +0800] "GET /backup.sql HTTP/1.1" 401 116 "-" "Mozilla/5.0 (compatible; Nmap Scripting Engine)"
172.16.0.10 - - [29/May/2026:00:39:16  +0800] "GET /api/v1/users HTTP/1.1" 304 0 "https://example.com/" "Mozilla/5.0 (Windows NT 10.0; Win64; x64) AppleWebKit/537.36 Chrome/120.0.0.0 Safari/537.36"
185.130.44.108 - - [29/May/2026:00:39:44  +0800] "GET /xmlrpc.php HTTP/1.1" 200 3956 "-" "Mozilla/5.0 (compatible; Nmap Scripting Engine)"
5.188.210.227 - - [29/May/2026:00:40:03  +0800] "GET /xmlrpc.php HTTP/1.1" 200 7388 "-" "Mozilla/5.0 (compatible; Nmap Scripting Engine)"
185.130.44.108 - - [29/May/2026:00:40:20  +0800] "GET /shell.php HTTP/1.1" 403 292 "-" "Mozilla/5.0 (compatible; Nmap Scripting Engine)"
172.16.0.11 - - [29/May/2026:00:40:27  +0800] "GET /about.html HTTP/1.1" 404 111 "https://www.bing.com/search?q=example" "Mozilla/5.0 (iPhone; CPU iPhone OS 17_0 like Mac OS X) Safari/604.1"
203.208.60.1 - - [29/May/2026:00:40:49  +0800] "GET /index.html HTTP/1.1" 301 201 "-" "Mozilla/5.0 (compatible; Googlebot/2.1; +http://www.google.com/bot.html)"
10.0.0.50 - - [29/May/2026:00:41:16  +0800] "GET /index.html HTTP/1.1" 200 275 "https://www.bing.com/search?q=example" "Mozilla/5.0 (iPhone; CPU iPhone OS 17_0 like Mac OS X) Safari/604.1"
10.0.0.51 - - [29/May/2026:00:41:41  +0800] "POST /favicon.ico HTTP/1.1" 200 1077 "https://www.google.com/" "Mozilla/5.0 (Macintosh; Intel Mac OS X 10_15_7) AppleWebKit/537.36 Chrome/120.0.0.0 Safari/537.36"
172.16.0.10 - - [29/May/2026:00:42:06  +0800] "PUT /api/v1/users HTTP/1.1" 200 4784 "https://example.com/" "Mozilla/5.0 (Macintosh; Intel Mac OS X 10_15_7) AppleWebKit/537.36 Chrome/120.0.0.0 Safari/537.36"
192.168.3.15 - - [29/May/2026:00:42:07  +0800] "POST / HTTP/1.1" 200 3873 "-" "Mozilla/5.0 (Windows NT 10.0; Win64; x64; rv:121.0) Gecko/20100101 Firefox/121.0"
192.168.1.100 - - [29/May/2026:00:42:15  +0800] "DELETE /css/style.css HTTP/1.1" 200 8224 "https://github.com/" "Mozilla/5.0 (Windows NT 10.0; Win64; x64; rv:121.0) Gecko/20100101 Firefox/121.0"
172.16.0.11 - - [29/May/2026:00:42:21  +0800] "GET /images/logo.png HTTP/1.1" 404 380 "https://example.com/" "Mozilla/5.0 (Windows NT 10.0; Win64; x64) AppleWebKit/537.36 Chrome/120.0.0.0 Safari/537.36"
157.55.39.1 - - [29/May/2026:00:42:48  +0800] "GET /blog/ HTTP/1.1" 200 7339 "-" "Mozilla/5.0 (compatible; bingbot/2.0; +http://www.bing.com/bingbot.htm)"
198.50.156.200 - - [29/May/2026:00:43:03  +0800] "GET /xmlrpc.php HTTP/1.1" 403 99 "-" "Mozilla/5.0 (compatible; Nmap Scripting Engine)"
198.50.156.200 - - [29/May/2026:00:43:04  +0800] "GET /.env HTTP/1.1" 500 115 "-" "Mozilla/5.0 (compatible; Nmap Scripting Engine)"
192.168.1.102 - - [29/May/2026:00:43:29  +0800] "GET /js/app.js HTTP/1.1" 200 5103 "https://www.google.com/" "Mozilla/5.0 (Macintosh; Intel Mac OS X 10_15_7) AppleWebKit/537.36 Chrome/120.0.0.0 Safari/537.36"
192.168.2.200 - - [29/May/2026:00:43:52  +0800] "POST /images/logo.png HTTP/1.1" 200 4985 "https://www.bing.com/search?q=example" "Mozilla/5.0 (X11; Linux x86_64) AppleWebKit/537.36 Chrome/120.0.0.0 Safari/537.36"
91.219.237.1 - - [29/May/2026:00:44:02  +0800] "GET /wp-login.php HTTP/1.1" 404 170 "-" "Mozilla/5.0 (compatible; Nmap Scripting Engine)"
45.33.32.156 - - [29/May/2026:00:44:23  +0800] "GET /backup.sql HTTP/1.1" 200 2931 "-" "Mozilla/5.0 (compatible; Nmap Scripting Engine)"
45.33.32.156 - - [29/May/2026:00:44:49  +0800] "GET /.env HTTP/1.1" 500 148 "-" "Mozilla/5.0 (compatible; Nmap Scripting Engine)"
10.0.0.50 - - [29/May/2026:00:45:08  +0800] "GET /images/logo.png HTTP/1.1" 304 0 "https://github.com/" "Mozilla/5.0 (Windows NT 10.0; Win64; x64) AppleWebKit/537.36 Chrome/120.0.0.0 Safari/537.36"
157.55.39.1 - - [29/May/2026:00:45:37  +0800] "GET /blog/ HTTP/1.1" 403 107 "-" "Mozilla/5.0 (compatible; bingbot/2.0; +http://www.bing.com/bingbot.htm)"
192.168.1.102 - - [29/May/2026:00:45:48  +0800] "GET /api/v1/products HTTP/1.1" 200 3025 "https://github.com/" "Mozilla/5.0 (Windows NT 10.0; Win64; x64; rv:121.0) Gecko/20100101 Firefox/121.0"
172.16.0.10 - - [29/May/2026:00:46:08  +0800] "GET /js/app.js HTTP/1.1" 200 3731 "https://github.com/" "Mozilla/5.0 (iPhone; CPU iPhone OS 17_0 like Mac OS X) Safari/604.1"
172.16.0.10 - - [29/May/2026:00:46:21  +0800] "GET / HTTP/1.1" 200 6753 "https://example.com/" "Mozilla/5.0 (X11; Linux x86_64) AppleWebKit/537.36 Chrome/120.0.0.0 Safari/537.36"
192.168.1.102 - - [29/May/2026:00:46:26  +0800] "DELETE /search?q=keyword HTTP/1.1" 200 7846 "https://www.google.com/" "Mozilla/5.0 (iPhone; CPU iPhone OS 17_0 like Mac OS X) Safari/604.1"
10.10.10.1 - - [29/May/2026:00:46:50  +0800] "GET /products.html HTTP/1.1" 200 820 "https://example.com/" "Mozilla/5.0 (Windows NT 10.0; Win64; x64; rv:121.0) Gecko/20100101 Firefox/121.0"
172.16.0.11 - - [29/May/2026:00:47:11  +0800] "GET /css/style.css HTTP/1.1" 200 1356 "-" "Mozilla/5.0 (X11; Linux x86_64) AppleWebKit/537.36 Chrome/120.0.0.0 Safari/537.36"
66.249.66.2 - - [29/May/2026:00:47:41  +0800] "GET / HTTP/1.1" 200 730 "-" "Mozilla/5.0 (compatible; bingbot/2.0; +http://www.bing.com/bingbot.htm)"
192.168.2.200 - - [29/May/2026:00:47:57  +0800] "GET /images/logo.png HTTP/1.1" 200 5360 "-" "Mozilla/5.0 (Windows NT 10.0; Win64; x64) AppleWebKit/537.36 Chrome/120.0.0.0 Safari/537.36"
172.16.0.10 - - [29/May/2026:00:48:11  +0800] "GET /js/app.js HTTP/1.1" 304 0 "https://github.com/" "Mozilla/5.0 (iPhone; CPU iPhone OS 17_0 like Mac OS X) Safari/604.1"
172.16.0.10 - - [29/May/2026:00:48:13  +0800] "GET /api/v1/auth/login HTTP/1.1" 200 3350 "-" "Mozilla/5.0 (Windows NT 10.0; Win64; x64) AppleWebKit/537.36 Chrome/120.0.0.0 Safari/537.36"
192.168.1.102 - - [29/May/2026:00:48:20  +0800] "GET /api/v1/users HTTP/1.1" 404 155 "-" "Mozilla/5.0 (Windows NT 10.0; Win64; x64; rv:121.0) Gecko/20100101 Firefox/121.0"
10.10.10.1 - - [29/May/2026:00:48:32  +0800] "DELETE /favicon.ico HTTP/1.1" 200 1078 "https://www.google.com/" "Mozilla/5.0 (Windows NT 10.0; Win64; x64) AppleWebKit/537.36 Chrome/120.0.0.0 Safari/537.36"
10.10.10.1 - - [29/May/2026:00:48:47  +0800] "DELETE / HTTP/1.1" 304 0 "https://github.com/" "Mozilla/5.0 (iPhone; CPU iPhone OS 17_0 like Mac OS X) Safari/604.1"
192.168.1.100 - - [29/May/2026:00:48:50  +0800] "GET /about.html HTTP/1.1" 200 5986 "-" "Mozilla/5.0 (X11; Linux x86_64) AppleWebKit/537.36 Chrome/120.0.0.0 Safari/537.36"
66.249.66.1 - - [29/May/2026:00:49:12  +0800] "GET /about.html HTTP/1.1" 403 481 "-" "Mozilla/5.0 (compatible; Googlebot/2.1; +http://www.google.com/bot.html)"
10.10.10.1 - - [29/May/2026:00:49:13  +0800] "GET /js/app.js HTTP/1.1" 304 0 "-" "Mozilla/5.0 (Macintosh; Intel Mac OS X 10_15_7) AppleWebKit/537.36 Chrome/120.0.0.0 Safari/537.36"
5.188.210.227 - - [29/May/2026:00:49:28  +0800] "GET /.env HTTP/1.1" 401 104 "-" "Mozilla/5.0 (compatible; Nmap Scripting Engine)"
10.0.0.50 - - [29/May/2026:00:49:45  +0800] "POST /about.html HTTP/1.1" 200 558 "https://example.com/" "Mozilla/5.0 (Windows NT 10.0; Win64; x64) AppleWebKit/537.36 Chrome/120.0.0.0 Safari/537.36"
5.188.210.227 - - [29/May/2026:00:50:15  +0800] "GET /wp-login.php HTTP/1.1" 404 170 "-" "Mozilla/5.0 (compatible; Nmap Scripting Engine)"
10.10.10.1 - - [29/May/2026:00:50:25  +0800] "POST /blog/ HTTP/1.1" 304 0 "-" "Mozilla/5.0 (Windows NT 10.0; Win64; x64; rv:121.0) Gecko/20100101 Firefox/121.0"
172.16.0.10 - - [29/May/2026:00:50:33  +0800] "POST /about.html HTTP/1.1" 304 0 "https://www.google.com/" "Mozilla/5.0 (Macintosh; Intel Mac OS X 10_15_7) AppleWebKit/537.36 Chrome/120.0.0.0 Safari/537.36"
192.168.1.101 - - [29/May/2026:00:50:43  +0800] "GET /blog/ HTTP/1.1" 404 68 "https://www.google.com/" "Mozilla/5.0 (Windows NT 10.0; Win64; x64) AppleWebKit/537.36 Chrome/120.0.0.0 Safari/537.36"
198.50.156.200 - - [29/May/2026:00:50:50  +0800] "GET /wp-login.php HTTP/1.1" 403 322 "-" "Mozilla/5.0 (compatible; Nmap Scripting Engine)"
172.16.0.10 - - [29/May/2026:00:51:14  +0800] "PUT /css/style.css HTTP/1.1" 301 256 "https://example.com/" "Mozilla/5.0 (Windows NT 10.0; Win64; x64; rv:121.0) Gecko/20100101 Firefox/121.0"
123.125.71.1 - - [29/May/2026:00:51:19  +0800] "GET /blog/ HTTP/1.1" 200 927 "-" "Mozilla/5.0 (compatible; Googlebot/2.1; +http://www.google.com/bot.html)"
5.188.210.227 - - [29/May/2026:00:51:20  +0800] "GET /backup.sql HTTP/1.1" 404 94 "-" "Mozilla/5.0 (compatible; Nmap Scripting Engine)"
123.125.71.1 - - [29/May/2026:00:51:34  +0800] "GET /blog/post1.html HTTP/1.1" 403 242 "-" "Mozilla/5.0 (compatible; Googlebot/2.1; +http://www.google.com/bot.html)"
45.33.32.156 - - [29/May/2026:00:51:57  +0800] "GET /.env HTTP/1.1" 404 454 "-" "Mozilla/5.0 (compatible; Nmap Scripting Engine)"
172.16.0.10 - - [29/May/2026:00:52:00  +0800] "POST /js/app.js HTTP/1.1" 304 0 "https://www.google.com/" "Mozilla/5.0 (Macintosh; Intel Mac OS X 10_15_7) AppleWebKit/537.36 Chrome/120.0.0.0 Safari/537.36"
45.33.32.156 - - [29/May/2026:00:52:27  +0800] "GET /backup.sql HTTP/1.1" 404 249 "-" "Mozilla/5.0 (compatible; Nmap Scripting Engine)"
192.168.1.100 - - [29/May/2026:00:52:56  +0800] "GET /api/v1/products HTTP/1.1" 200 5064 "https://www.bing.com/search?q=example" "Mozilla/5.0 (iPhone; CPU iPhone OS 17_0 like Mac OS X) Safari/604.1"
10.0.0.50 - - [29/May/2026:00:53:13  +0800] "GET /index.html HTTP/1.1" 301 283 "https://github.com/" "Mozilla/5.0 (X11; Linux x86_64) AppleWebKit/537.36 Chrome/120.0.0.0 Safari/537.36"
10.10.10.1 - - [29/May/2026:00:53:24  +0800] "GET /api/v1/users HTTP/1.1" 304 0 "-" "Mozilla/5.0 (Windows NT 10.0; Win64; x64) AppleWebKit/537.36 Chrome/120.0.0.0 Safari/537.36"
192.168.3.15 - - [29/May/2026:00:53:54  +0800] "POST /sitemap.xml HTTP/1.1" 200 3299 "-" "Mozilla/5.0 (iPhone; CPU iPhone OS 17_0 like Mac OS X) Safari/604.1"
192.168.1.102 - - [29/May/2026:00:54:13  +0800] "POST /blog/post1.html HTTP/1.1" 304 0 "https://www.google.com/" "Mozilla/5.0 (Windows NT 10.0; Win64; x64) AppleWebKit/537.36 Chrome/120.0.0.0 Safari/537.36"
10.0.0.51 - - [29/May/2026:00:54:14  +0800] "GET /search?q=keyword HTTP/1.1" 200 6659 "https://www.google.com/" "Mozilla/5.0 (X11; Linux x86_64) AppleWebKit/537.36 Chrome/120.0.0.0 Safari/537.36"
123.125.71.1 - - [29/May/2026:00:54:23  +0800] "GET /index.html HTTP/1.1" 200 8241 "-" "Mozilla/5.0 (compatible; bingbot/2.0; +http://www.bing.com/bingbot.htm)"
192.168.1.102 - - [29/May/2026:00:54:26  +0800] "POST /api/v1/users HTTP/1.1" 200 2942 "https://www.google.com/" "Mozilla/5.0 (X11; Linux x86_64) AppleWebKit/537.36 Chrome/120.0.0.0 Safari/537.36"
192.168.2.200 - - [29/May/2026:00:54:47  +0800] "GET /api/v1/auth/login HTTP/1.1" 404 83 "https://example.com/" "Mozilla/5.0 (iPhone; CPU iPhone OS 17_0 like Mac OS X) Safari/604.1"
192.168.3.15 - - [29/May/2026:00:55:09  +0800] "POST /products.html HTTP/1.1" 304 0 "-" "Mozilla/5.0 (Windows NT 10.0; Win64; x64) AppleWebKit/537.36 Chrome/120.0.0.0 Safari/537.36"
172.16.0.10 - - [29/May/2026:00:55:34  +0800] "POST /favicon.ico HTTP/1.1" 200 1443 "-" "Mozilla/5.0 (Macintosh; Intel Mac OS X 10_15_7) AppleWebKit/537.36 Chrome/120.0.0.0 Safari/537.36"
157.55.39.1 - - [29/May/2026:00:55:48  +0800] "GET /blog/post1.html HTTP/1.1" 403 303 "-" "Mozilla/5.0 (compatible; bingbot/2.0; +http://www.bing.com/bingbot.htm)"
91.219.237.1 - - [29/May/2026:00:56:06  +0800] "GET /wp-admin/ HTTP/1.1" 500 76 "-" "Mozilla/5.0 (compatible; Nmap Scripting Engine)"
192.168.1.100 - - [29/May/2026:00:56:13  +0800] "GET /api/v1/products HTTP/1.1" 200 3740 "https://github.com/" "Mozilla/5.0 (iPhone; CPU iPhone OS 17_0 like Mac OS X) Safari/604.1"
192.168.2.200 - - [29/May/2026:00:56:39  +0800] "POST /api/v1/users HTTP/1.1" 200 7856 "-" "Mozilla/5.0 (Windows NT 10.0; Win64; x64; rv:121.0) Gecko/20100101 Firefox/121.0"
192.168.1.101 - - [29/May/2026:00:56:50  +0800] "GET /search?q=keyword HTTP/1.1" 301 297 "https://github.com/" "Mozilla/5.0 (Windows NT 10.0; Win64; x64) AppleWebKit/537.36 Chrome/120.0.0.0 Safari/537.36"
10.0.0.51 - - [29/May/2026:00:57:04  +0800] "GET /products.html HTTP/1.1" 200 743 "https://www.bing.com/search?q=example" "Mozilla/5.0 (iPhone; CPU iPhone OS 17_0 like Mac OS X) Safari/604.1"
123.125.71.1 - - [29/May/2026:00:57:20  +0800] "GET /index.html HTTP/1.1" 200 6265 "-" "Mozilla/5.0 (compatible; Googlebot/2.1; +http://www.google.com/bot.html)"
10.0.0.51 - - [29/May/2026:00:57:31  +0800] "GET /products.html HTTP/1.1" 304 0 "https://www.bing.com/search?q=example" "Mozilla/5.0 (Windows NT 10.0; Win64; x64) AppleWebKit/537.36 Chrome/120.0.0.0 Safari/537.36"
172.16.0.10 - - [29/May/2026:00:57:37  +0800] "POST /images/logo.png HTTP/1.1" 200 2228 "https://github.com/" "Mozilla/5.0 (Windows NT 10.0; Win64; x64; rv:121.0) Gecko/20100101 Firefox/121.0"
192.168.3.15 - - [29/May/2026:00:58:05  +0800] "GET /api/v1/products HTTP/1.1" 200 3563 "https://www.bing.com/search?q=example" "Mozilla/5.0 (Windows NT 10.0; Win64; x64) AppleWebKit/537.36 Chrome/120.0.0.0 Safari/537.36"
157.55.39.1 - - [29/May/2026:00:58:33  +0800] "GET /blog/ HTTP/1.1" 403 87 "-" "Mozilla/5.0 (compatible; Googlebot/2.1; +http://www.google.com/bot.html)"
10.0.0.50 - - [29/May/2026:00:59:01  +0800] "POST /blog/ HTTP/1.1" 200 7990 "-" "Mozilla/5.0 (X11; Linux x86_64) AppleWebKit/537.36 Chrome/120.0.0.0 Safari/537.36"
192.168.1.101 - - [29/May/2026:00:59:28  +0800] "GET /api/v1/orders HTTP/1.1" 200 6116 "https://github.com/" "Mozilla/5.0 (X11; Linux x86_64) AppleWebKit/537.36 Chrome/120.0.0.0 Safari/537.36"
172.16.0.11 - - [29/May/2026:00:59:31  +0800] "GET /blog/post1.html HTTP/1.1" 200 5615 "https://example.com/" "Mozilla/5.0 (X11; Linux x86_64) AppleWebKit/537.36 Chrome/120.0.0.0 Safari/537.36"
192.168.2.200 - - [29/May/2026:00:59:34  +0800] "PUT /api/v1/auth/login HTTP/1.1" 200 8097 "https://example.com/" "Mozilla/5.0 (X11; Linux x86_64) AppleWebKit/537.36 Chrome/120.0.0.0 Safari/537.36"
10.0.0.51 - - [29/May/2026:00:59:59  +0800] "GET / HTTP/1.1" 200 279 "https://www.google.com/" "Mozilla/5.0 (Macintosh; Intel Mac OS X 10_15_7) AppleWebKit/537.36 Chrome/120.0.0.0 Safari/537.36"
123.125.71.1 - - [29/May/2026:01:00:26  +0800] "GET /about.html HTTP/1.1" 200 5317 "-" "Mozilla/5.0 (compatible; Googlebot/2.1; +http://www.google.com/bot.html)"
91.219.237.1 - - [29/May/2026:01:00:48  +0800] "GET /.git/config HTTP/1.1" 404 385 "-" "Mozilla/5.0 (compatible; Nmap Scripting Engine)"
91.219.237.1 - - [29/May/2026:01:01:17  +0800] "GET /.git/config HTTP/1.1" 404 362 "-" "Mozilla/5.0 (compatible; Nmap Scripting Engine)"
172.16.0.10 - - [29/May/2026:01:01:46  +0800] "DELETE /blog/post1.html HTTP/1.1" 200 5602 "https://www.google.com/" "Mozilla/5.0 (Windows NT 10.0; Win64; x64) AppleWebKit/537.36 Chrome/120.0.0.0 Safari/537.36"
192.168.2.200 - - [29/May/2026:01:01:59  +0800] "POST /images/logo.png HTTP/1.1" 304 0 "https://example.com/" "Mozilla/5.0 (Windows NT 10.0; Win64; x64; rv:121.0) Gecko/20100101 Firefox/121.0"
10.0.0.50 - - [29/May/2026:01:02:29  +0800] "GET /api/v1/products HTTP/1.1" 200 6955 "https://example.com/" "Mozilla/5.0 (Windows NT 10.0; Win64; x64; rv:121.0) Gecko/20100101 Firefox/121.0"
10.10.10.1 - - [29/May/2026:01:02:38  +0800] "GET /js/app.js HTTP/1.1" 301 176 "https://www.bing.com/search?q=example" "Mozilla/5.0 (Windows NT 10.0; Win64; x64) AppleWebKit/537.36 Chrome/120.0.0.0 Safari/537.36"
172.16.0.11 - - [29/May/2026:01:03:06  +0800] "POST /css/style.css HTTP/1.1" 301 248 "https://example.com/" "Mozilla/5.0 (Macintosh; Intel Mac OS X 10_15_7) AppleWebKit/537.36 Chrome/120.0.0.0 Safari/537.36"
10.0.0.51 - - [29/May/2026:01:03:31  +0800] "GET /favicon.ico HTTP/1.1" 404 382 "https://www.google.com/" "Mozilla/5.0 (Windows NT 10.0; Win64; x64) AppleWebKit/537.36 Chrome/120.0.0.0 Safari/537.36"
172.16.0.10 - - [29/May/2026:01:03:49  +0800] "GET /favicon.ico HTTP/1.1" 200 8377 "https://example.com/" "Mozilla/5.0 (iPhone; CPU iPhone OS 17_0 like Mac OS X) Safari/604.1"
91.219.237.1 - - [29/May/2026:01:04:10  +0800] "GET /.git/config HTTP/1.1" 500 38 "-" "Mozilla/5.0 (compatible; Nmap Scripting Engine)"
192.168.1.102 - - [29/May/2026:01:04:24  +0800] "GET /api/v1/orders HTTP/1.1" 304 0 "https://www.google.com/" "Mozilla/5.0 (iPhone; CPU iPhone OS 17_0 like Mac OS X) Safari/604.1"
192.168.1.100 - - [29/May/2026:01:04:46  +0800] "PUT /search?q=keyword HTTP/1.1" 200 7877 "https://github.com/" "Mozilla/5.0 (Windows NT 10.0; Win64; x64; rv:121.0) Gecko/20100101 Firefox/121.0"
10.0.0.51 - - [29/May/2026:01:04:59  +0800] "PUT / HTTP/1.1" 200 340 "https://www.bing.com/search?q=example" "Mozilla/5.0 (Windows NT 10.0; Win64; x64; rv:121.0) Gecko/20100101 Firefox/121.0"
66.249.66.2 - - [29/May/2026:01:05:17  +0800] "GET /index.html HTTP/1.1" 403 305 "-" "Mozilla/5.0 (compatible; bingbot/2.0; +http://www.bing.com/bingbot.htm)"
172.16.0.11 - - [29/May/2026:01:05:29  +0800] "DELETE /blog/post1.html HTTP/1.1" 200 1385 "https://www.bing.com/search?q=example" "Mozilla/5.0 (Macintosh; Intel Mac OS X 10_15_7) AppleWebKit/537.36 Chrome/120.0.0.0 Safari/537.36"
192.168.2.200 - - [29/May/2026:01:05:42  +0800] "GET /images/logo.png HTTP/1.1" 200 8352 "https://example.com/" "Mozilla/5.0 (Windows NT 10.0; Win64; x64; rv:121.0) Gecko/20100101 Firefox/121.0"
192.168.2.200 - - [29/May/2026:01:05:53  +0800] "PUT /images/logo.png HTTP/1.1" 304 0 "https://www.bing.com/search?q=example" "Mozilla/5.0 (X11; Linux x86_64) AppleWebKit/537.36 Chrome/120.0.0.0 Safari/537.36"
192.168.2.200 - - [29/May/2026:01:05:58  +0800] "GET /blog/post1.html HTTP/1.1" 304 0 "https://github.com/" "Mozilla/5.0 (X11; Linux x86_64) AppleWebKit/537.36 Chrome/120.0.0.0 Safari/537.36"
10.0.0.50 - - [29/May/2026:01:06:15  +0800] "POST /css/style.css HTTP/1.1" 200 8298 "https://www.bing.com/search?q=example" "Mozilla/5.0 (iPhone; CPU iPhone OS 17_0 like Mac OS X) Safari/604.1"
66.249.66.1 - - [29/May/2026:01:06:18  +0800] "GET /blog/ HTTP/1.1" 403 272 "-" "Mozilla/5.0 (compatible; bingbot/2.0; +http://www.bing.com/bingbot.htm)"
10.0.0.50 - - [29/May/2026:01:06:35  +0800] "GET /api/v1/orders HTTP/1.1" 200 2451 "https://www.google.com/" "Mozilla/5.0 (Windows NT 10.0; Win64; x64) AppleWebKit/537.36 Chrome/120.0.0.0 Safari/537.36"
172.16.0.11 - - [29/May/2026:01:06:40  +0800] "GET /blog/post1.html HTTP/1.1" 200 4014 "https://www.google.com/" "Mozilla/5.0 (Macintosh; Intel Mac OS X 10_15_7) AppleWebKit/537.36 Chrome/120.0.0.0 Safari/537.36"
172.16.0.10 - - [29/May/2026:01:06:46  +0800] "GET /images/logo.png HTTP/1.1" 304 0 "-" "Mozilla/5.0 (Windows NT 10.0; Win64; x64) AppleWebKit/537.36 Chrome/120.0.0.0 Safari/537.36"
10.0.0.50 - - [29/May/2026:01:07:10  +0800] "PUT /index.html HTTP/1.1" 200 3333 "-" "Mozilla/5.0 (iPhone; CPU iPhone OS 17_0 like Mac OS X) Safari/604.1"
10.0.0.50 - - [29/May/2026:01:07:22  +0800] "POST /js/app.js HTTP/1.1" 200 2596 "https://www.google.com/" "Mozilla/5.0 (Macintosh; Intel Mac OS X 10_15_7) AppleWebKit/537.36 Chrome/120.0.0.0 Safari/537.36"
192.168.2.200 - - [29/May/2026:01:07:43  +0800] "PUT /index.html HTTP/1.1" 304 0 "-" "Mozilla/5.0 (X11; Linux x86_64) AppleWebKit/537.36 Chrome/120.0.0.0 Safari/537.36"
91.219.237.1 - - [29/May/2026:01:07:47  +0800] "GET /backup.sql HTTP/1.1" 404 288 "-" "Mozilla/5.0 (compatible; Nmap Scripting Engine)"
185.130.44.108 - - [29/May/2026:01:08:10  +0800] "GET /shell.php HTTP/1.1" 404 487 "-" "Mozilla/5.0 (compatible; Nmap Scripting Engine)"
5.188.210.227 - - [29/May/2026:01:08:31  +0800] "GET /backup.sql HTTP/1.1" 404 83 "-" "Mozilla/5.0 (compatible; Nmap Scripting Engine)"
185.130.44.108 - - [29/May/2026:01:08:40  +0800] "GET /shell.php HTTP/1.1" 404 468 "-" "Mozilla/5.0 (compatible; Nmap Scripting Engine)"
192.168.2.200 - - [29/May/2026:01:09:04  +0800] "PUT / HTTP/1.1" 304 0 "https://www.google.com/" "Mozilla/5.0 (X11; Linux x86_64) AppleWebKit/537.36 Chrome/120.0.0.0 Safari/537.36"
192.168.1.100 - - [29/May/2026:01:09:16  +0800] "GET /search?q=keyword HTTP/1.1" 200 2970 "https://www.bing.com/search?q=example" "Mozilla/5.0 (X11; Linux x86_64) AppleWebKit/537.36 Chrome/120.0.0.0 Safari/537.36"
172.16.0.11 - - [29/May/2026:01:09:41  +0800] "GET /index.html HTTP/1.1" 200 3420 "https://www.google.com/" "Mozilla/5.0 (iPhone; CPU iPhone OS 17_0 like Mac OS X) Safari/604.1"
66.249.66.2 - - [29/May/2026:01:10:10  +0800] "GET /search?q=keyword HTTP/1.1" 200 4770 "-" "Mozilla/5.0 (compatible; bingbot/2.0; +http://www.bing.com/bingbot.htm)"
203.208.60.1 - - [29/May/2026:01:10:13  +0800] "GET /index.html HTTP/1.1" 301 157 "-" "Mozilla/5.0 (compatible; bingbot/2.0; +http://www.bing.com/bingbot.htm)"
203.208.60.1 - - [29/May/2026:01:10:15  +0800] "GET / HTTP/1.1" 403 560 "-" "Mozilla/5.0 (compatible; bingbot/2.0; +http://www.bing.com/bingbot.htm)"
198.50.156.200 - - [29/May/2026:01:10:34  +0800] "GET /shell.php HTTP/1.1" 200 8121 "-" "Mozilla/5.0 (compatible; Nmap Scripting Engine)"
